###############################################################################
#
# IAR ELF Linker V7.40.2.8542/W32 for ARM                 17/Jul/2018  09:48:30
# Copyright 2007-2015 IAR Systems AB.
#
#    Output file  =  
#        H:\智能车程序2018\电磁三轮——ZS\7.17\iar\KEA_128_RAM\Exe\cowherd.out
#    Map file     =  
#        H:\智能车程序2018\电磁三轮——ZS\7.17\iar\KEA_128_RAM\List\cowherd.map
#    Command line =  
#        H:\智能车程序2018\电磁三轮——ZS\7.17\iar\KEA_128_RAM\Obj\adc.o
#        H:\智能车程序2018\电磁三轮——ZS\7.17\iar\KEA_128_RAM\Obj\Boma_zs.o
#        H:\智能车程序2018\电磁三轮——ZS\7.17\iar\KEA_128_RAM\Obj\common.o
#        H:\智能车程序2018\电磁三轮——ZS\7.17\iar\KEA_128_RAM\Obj\Control.o
#        H:\智能车程序2018\电磁三轮——ZS\7.17\iar\KEA_128_RAM\Obj\Direction_Control.o
#        H:\智能车程序2018\电磁三轮——ZS\7.17\iar\KEA_128_RAM\Obj\flash.o
#        H:\智能车程序2018\电磁三轮——ZS\7.17\iar\KEA_128_RAM\Obj\ftm.o
#        H:\智能车程序2018\电磁三轮——ZS\7.17\iar\KEA_128_RAM\Obj\Fuzzy_ZS.o
#        H:\智能车程序2018\电磁三轮——ZS\7.17\iar\KEA_128_RAM\Obj\Fuzzy_ZS2.o
#        H:\智能车程序2018\电磁三轮——ZS\7.17\iar\KEA_128_RAM\Obj\iicAnalog.o
#        H:\智能车程序2018\电磁三轮——ZS\7.17\iar\KEA_128_RAM\Obj\inductor_1.o
#        H:\智能车程序2018\电磁三轮——ZS\7.17\iar\KEA_128_RAM\Obj\KEA128_adc.o
#        H:\智能车程序2018\电磁三轮——ZS\7.17\iar\KEA_128_RAM\Obj\KEA128_flash.o
#        H:\智能车程序2018\电磁三轮——ZS\7.17\iar\KEA_128_RAM\Obj\KEA128_gpio.o
#        H:\智能车程序2018\电磁三轮——ZS\7.17\iar\KEA_128_RAM\Obj\KEA128_i2c.o
#        H:\智能车程序2018\电磁三轮——ZS\7.17\iar\KEA_128_RAM\Obj\KEA128_irq.o
#        H:\智能车程序2018\电磁三轮——ZS\7.17\iar\KEA_128_RAM\Obj\KEA128_kbi.o
#        H:\智能车程序2018\电磁三轮——ZS\7.17\iar\KEA_128_RAM\Obj\KEA128_port.o
#        H:\智能车程序2018\电磁三轮——ZS\7.17\iar\KEA_128_RAM\Obj\KEA128_systick.o
#        H:\智能车程序2018\电磁三轮——ZS\7.17\iar\KEA_128_RAM\Obj\KEA128_uart.o
#        H:\智能车程序2018\电磁三轮——ZS\7.17\iar\KEA_128_RAM\Obj\key.o
#        H:\智能车程序2018\电磁三轮——ZS\7.17\iar\KEA_128_RAM\Obj\L3G4200.o
#        H:\智能车程序2018\电磁三轮——ZS\7.17\iar\KEA_128_RAM\Obj\L3G4200D_ZS.o
#        H:\智能车程序2018\电磁三轮——ZS\7.17\iar\KEA_128_RAM\Obj\lcd.o
#        H:\智能车程序2018\电磁三轮——ZS\7.17\iar\KEA_128_RAM\Obj\lcd_zs.o
#        H:\智能车程序2018\电磁三轮——ZS\7.17\iar\KEA_128_RAM\Obj\main.o
#        H:\智能车程序2018\电磁三轮——ZS\7.17\iar\KEA_128_RAM\Obj\Motor_Control.o
#        H:\智能车程序2018\电磁三轮——ZS\7.17\iar\KEA_128_RAM\Obj\oled.o
#        H:\智能车程序2018\电磁三轮——ZS\7.17\iar\KEA_128_RAM\Obj\oled_zs.o
#        H:\智能车程序2018\电磁三轮——ZS\7.17\iar\KEA_128_RAM\Obj\outputdata.o
#        H:\智能车程序2018\电磁三轮——ZS\7.17\iar\KEA_128_RAM\Obj\outputdata_zs.o
#        H:\智能车程序2018\电磁三轮——ZS\7.17\iar\KEA_128_RAM\Obj\pit.o
#        H:\智能车程序2018\电磁三轮——ZS\7.17\iar\KEA_128_RAM\Obj\QT.o
#        H:\智能车程序2018\电磁三轮——ZS\7.17\iar\KEA_128_RAM\Obj\SDSB_ZS.o
#        H:\智能车程序2018\电磁三轮——ZS\7.17\iar\KEA_128_RAM\Obj\Speed_Control.o
#        H:\智能车程序2018\电磁三轮——ZS\7.17\iar\KEA_128_RAM\Obj\spi.o
#        H:\智能车程序2018\电磁三轮——ZS\7.17\iar\KEA_128_RAM\Obj\startup_SKEAZ1284.o
#        H:\智能车程序2018\电磁三轮——ZS\7.17\iar\KEA_128_RAM\Obj\system_SKEAZ1284.o
#        H:\智能车程序2018\电磁三轮——ZS\7.17\iar\KEA_128_RAM\Obj\Tiaoshi_zs.o
#        H:\智能车程序2018\电磁三轮——ZS\7.17\iar\KEA_128_RAM\Obj\uart.o
#        H:\智能车程序2018\电磁三轮——ZS\7.17\iar\KEA_128_RAM\Obj\XS_ZS.o
#        --redirect _Printf=_PrintfFull --redirect _Scanf=_ScanfFull -o
#        H:\智能车程序2018\电磁三轮——ZS\7.17\iar\KEA_128_RAM\Exe\cowherd.out
#        --map
#        H:\智能车程序2018\电磁三轮——ZS\7.17\iar\KEA_128_RAM\List\cowherd.map
#        --config
#        H:\智能车程序2018\电磁三轮——ZS\7.17\iar\..\system\link\KEAZ128_RAM.icf
#        --semihosting --entry __iar_program_start --vfe
#
###############################################################################

*******************************************************************************
*** MESSAGES
***

Error[Lp011]: section placement failed
          unable to allocate space for sections/blocks with a total estimated
                    minimum size of 0x5444 bytes (max align 0x8) in
                    <[0x1ffff000-0x20002fff]> (total uncommitted space 0x3f30).


*******************************************************************************
*** RUNTIME MODEL ATTRIBUTES
***

CppFlavor                     = *
__Heap_Handler                = Basic
__SystemLibrary               = DLib
__dlib_dynamic_initialization = normal


*******************************************************************************
*** PLACEMENT SUMMARY
***

"A1":  place at 0x1ffff000 { ro section .intvec };
"P1":  place in [from 0x1ffff000 to 0x20002fff] { ro, block CodeRelocate };
"P2":  place in [from 0x1ffff000 to 0x20002fff] {
          rw, block CodeRelocateRam, block CSTACK, block HEAP };

  Section            Kind        Address    Size  Object
  -------            ----        -------    ----  ------
"A1":                                       0xd0
  .intvec            ro code  0x1ffff000    0xd0  startup_SKEAZ1284.o [1]
                            - 0x1ffff0d0    0xd0

"P1", part 1 of 2 (*** FAILED ***):       0x4e68
  .text              ro code               0xbb8  SDSB_ZS.o [1]
  .text              ro code               0x134  adc.o [1]
  .text              ro code                0x36  I32ToFlt.o [4]
  .text              ro code                0x2a  zero_init3.o [5]
  .text              ro code                0x20  FltCmpEq.o [4]
  .text              ro code                0x26  FltCmpLe.o [4]
  .text              ro code                 0x2  startup_SKEAZ1284.o [1]
  .text              ro code                0x28  FltCmpGe.o [4]
  .text              ro code               0x1cc  KEA128_gpio.o [1]
  .text              ro code               0x2fc  inductor_1.o [1]
  .text              ro code               0x120  FltAddSub.o [4]
  .text              ro code                0xaa  FltDiv.o [4]
  .text              ro code                0xb0  FltMul.o [4]
  .text              ro code                0xe0  I32DivModFast.o [5]
  .text              ro code                 0x2  startup_SKEAZ1284.o [1]
  .text              ro code                 0x2  IntDivZer.o [5]
  .text              ro code                 0x2  startup_SKEAZ1284.o [1]
  .text              ro code               0x750  oled_zs.o [1]
  .text              ro code               0x186  key.o [1]
  .text              ro code                 0x2  startup_SKEAZ1284.o [1]
  .text              ro code               0x3e4  oled.o [1]
  .text              ro code               0x40c  ftm.o [1]
  .text              ro code                0x54  KEA128_systick.o [1]
  .text              ro code               0x148  spi.o [1]
  .text              ro code                0x26  FltToU32.o [4]
  .text              ro code                 0x2  startup_SKEAZ1284.o [1]
  .text              ro code                0x3a  FltToS32.o [4]
  .text              ro code                 0x2  startup_SKEAZ1284.o [1]
  .text              ro code                0x58  KEA128_port.o [1]
  .text              ro code                0xc4  common.o [1]
  .text              ro code                0x34  ABImemcpy.o [5]
  .text              ro code                 0x8  abs.o [3]
  .text              ro code               0x648  Direction_Control.o [1]
  .text              ro code                0x32  FltToDbl.o [4]
  .text              ro code                0x32  DblCmpLe.o [4]
  .text              ro code                0x62  DblToFlt.o [4]
  .text              ro code               0x184  DblMul.o [4]
  .text              ro code                 0x2  startup_SKEAZ1284.o [1]
  .text              ro code               0x2b8  tan.o [4]
  .text              ro code                0xc2  DblDiv.o [4]
  .text              ro code               0x1b4  DblAddSub.o [4]
  .text              ro code                0x32  DblCmpGe.o [4]
  .text              ro code                0x4e  DblToI32.o [4]
  .text              ro code                 0x2  startup_SKEAZ1284.o [1]
  .text              ro code                0x30  I32ToDbl.o [4]
  .text              ro code               0x174  xquad.o [4]
  .text              ro code                0x10  errno.o [3]
  .text              ro code                0x8c  xdint.o [4]
  .text              ro code                0x24  DblCmpEq.o [4]
  .text              ro code                0xc6  fmod.o [4]
  .text              ro code                 0x2  xtls.o [3]
  .text              ro code                 0xc  iarEdom.o [5]
  .text              ro code               0x3a4  KEA128_i2c.o [1]
  .rodata            const                 0x228  oled.o [1]
  .text              ro code               0x1e4  main.o [1]
  .text              ro code               0x150  KEA128_uart.o [1]
  .text              ro code                0xb8  L3G4200.o [1]
  .text              ro code                0x72  QT.o [1]
  .text              ro code                 0x2  startup_SKEAZ1284.o [1]
  .text              ro code                0xd0  pit.o [1]
  .text              ro code               0x188  L3G4200D_ZS.o [1]
  .text              ro code               0x18c  Speed_Control.o [1]
  .text              ro code               0x1d4  Motor_Control.o [1]
  .text              ro code                0x68  XS_ZS.o [1]
  .text              ro code                0x4a  Boma_zs.o [1]
  .text              ro code                 0x2  startup_SKEAZ1284.o [1]
  .rodata            const                  0x80  KEA128_i2c.o [1]
  .text              ro code                0x74  system_SKEAZ1284.o [1]
  .text              ro code                0x28  data_init.o [5]
  .rodata            const                  0x24  oled.o [1]
  .rodata            const                  0x24  spi.o [1]
  .iar.init_table    const                   0x0  - Linker created -
  .text              ro code                0x1a  cmain.o [5]
  .text              ro code                 0x4  low_level_init.o [3]
  .text              ro code                 0x8  exit.o [3]
  .text              ro code                 0x2  startup_SKEAZ1284.o [1]
  .text              ro code                 0xa  cexit.o [5]
  .text              ro code                 0x2  startup_SKEAZ1284.o [1]
  .text              ro code                0x14  exit.o [6]
  .rodata            const                  0x18  common.o [1]
  .text              ro code                0x10  startup_SKEAZ1284.o [1]
  .rodata            const                   0xc  ftm.o [1]
  .rodata            const                   0xc  KEA128_gpio.o [1]
  .text              ro code                 0xc  cstartup_M.o [5]
  .rodata            const                   0x8  oled_zs.o [1]
  .rodata            const                   0x8  oled_zs.o [1]
  .rodata            const                   0x8  spi.o [1]
  .text              ro code                 0x2  startup_SKEAZ1284.o [1]
  .text              ro code                 0x2  startup_SKEAZ1284.o [1]
  .text              ro code                 0x2  startup_SKEAZ1284.o [1]
  .text              ro code                 0x2  startup_SKEAZ1284.o [1]
  .text              ro code                 0x2  startup_SKEAZ1284.o [1]
  .text              ro code                 0x2  startup_SKEAZ1284.o [1]
  .text              ro code                 0x2  startup_SKEAZ1284.o [1]
  .text              ro code                 0x2  startup_SKEAZ1284.o [1]
  .text              ro code                 0x2  startup_SKEAZ1284.o [1]
  .text              ro code                 0x2  startup_SKEAZ1284.o [1]
  .text              ro code                 0x2  startup_SKEAZ1284.o [1]
  .text              ro code                 0x2  startup_SKEAZ1284.o [1]
  .text              ro code                 0x2  startup_SKEAZ1284.o [1]
  .text              ro code                 0x2  startup_SKEAZ1284.o [1]
  .text              ro code                 0x2  startup_SKEAZ1284.o [1]
  .text              ro code                 0x2  startup_SKEAZ1284.o [1]
  .text              ro code                 0x2  startup_SKEAZ1284.o [1]
  .text              ro code                 0x2  startup_SKEAZ1284.o [1]
  .text              ro code                 0x2  startup_SKEAZ1284.o [1]
  .text              ro code                 0x2  startup_SKEAZ1284.o [1]
  .text              ro code                 0x2  startup_SKEAZ1284.o [1]
  .text              ro code                 0x2  startup_SKEAZ1284.o [1]
  .text              ro code                 0x2  startup_SKEAZ1284.o [1]
  .text              ro code                 0x2  startup_SKEAZ1284.o [1]
  .rodata            const                   0x0  zero_init3.o [5]
                                          0x4e68

"P1", part 2 of 2 (*** FAILED ***):         0xcc
  Initializer bytes  const                  0xcc  <for P2 s0> (used: 0x0)
                                            0xcc

"P2", part 1 of 3 (*** FAILED ***):         0xca
  .data              inited                 0x14  SDSB_ZS.o [1]
  .data              inited                 0x14  SDSB_ZS.o [1]
  .data              inited                 0x10  SDSB_ZS.o [1]
  .data              inited                  0xc  KEA128_uart.o [1]
  .data              inited                  0x4  Direction_Control.o [1]
  .data              inited                  0x8  Direction_Control.o [1]
  .data              inited                  0x8  KEA128_i2c.o [1]
  .data              inited                  0x8  oled.o [1]
  .data              inited                  0x8  spi.o [1]
  .data              inited                  0x4  Direction_Control.o [1]
  .data              inited                  0x4  Direction_Control.o [1]
  .data              inited                  0x4  Direction_Control.o [1]
  .data              inited                  0x4  Direction_Control.o [1]
  .data              inited                  0x4  Direction_Control.o [1]
  .data              inited                  0x4  Direction_Control.o [1]
  .data              inited                  0x4  Direction_Control.o [1]
  .data              inited                  0x4  L3G4200D_ZS.o [1]
  .data              inited                  0x4  L3G4200D_ZS.o [1]
  .data              inited                  0x4  L3G4200D_ZS.o [1]
  .data              inited                  0x4  Motor_Control.o [1]
  .data              inited                  0x4  Motor_Control.o [1]
  .data              inited                  0x4  Motor_Control.o [1]
  .data              inited                  0x4  Motor_Control.o [1]
  .data              inited                  0x4  SDSB_ZS.o [1]
  .data              inited                  0x4  SDSB_ZS.o [1]
  .data              inited                  0x4  SDSB_ZS.o [1]
  .data              inited                  0x4  SDSB_ZS.o [1]
  .data              inited                  0x4  SDSB_ZS.o [1]
  .data              inited                  0x4  SDSB_ZS.o [1]
  .data              inited                  0x4  SDSB_ZS.o [1]
  .data              inited                  0x4  SDSB_ZS.o [1]
  __DLIB_PERTHREAD   inited                  0x4  errno.o [3]
  .data              inited                  0x2  SDSB_ZS.o [1]
  .data              inited                  0x2  SDSB_ZS.o [1]
  .data              inited                  0x1  main.o [1]
  .data              inited                  0x1  SDSB_ZS.o [1]
                                            0xca

"P2", part 2 of 3 (*** FAILED ***):        0x344
  .bss               zero                   0xc8  SDSB_ZS.o [1]
  .bss               zero                   0x50  SDSB_ZS.o [1]
  .bss               zero                   0x3c  SDSB_ZS.o [1]
  .bss               zero                   0x34  SDSB_ZS.o [1]
  .bss               zero                   0x14  SDSB_ZS.o [1]
  .bss               zero                   0x14  SDSB_ZS.o [1]
  .bss               zero                   0x14  SDSB_ZS.o [1]
  .bss               zero                   0x14  SDSB_ZS.o [1]
  .bss               zero                    0x4  common.o [1]
  .bss               zero                    0x4  common.o [1]
  .bss               zero                    0x4  common.o [1]
  .bss               zero                    0x4  common.o [1]
  .bss               zero                    0x4  Direction_Control.o [1]
  .bss               zero                    0x4  Direction_Control.o [1]
  .bss               zero                    0x4  Direction_Control.o [1]
  .bss               zero                    0x4  Direction_Control.o [1]
  .bss               zero                    0x4  Direction_Control.o [1]
  .bss               zero                    0x4  Direction_Control.o [1]
  .bss               zero                    0x4  Direction_Control.o [1]
  .bss               zero                    0x4  Direction_Control.o [1]
  .bss               zero                    0x4  Direction_Control.o [1]
  .bss               zero                    0x4  Direction_Control.o [1]
  .bss               zero                    0x4  Direction_Control.o [1]
  .bss               zero                    0x4  Direction_Control.o [1]
  .bss               zero                    0x4  Direction_Control.o [1]
  .bss               zero                    0x4  Direction_Control.o [1]
  .bss               zero                    0x4  Direction_Control.o [1]
  .bss               zero                    0x4  Fuzzy_ZS.o [1]
  .bss               zero                    0x4  L3G4200D_ZS.o [1]
  .bss               zero                    0x4  L3G4200D_ZS.o [1]
  .bss               zero                    0x4  L3G4200D_ZS.o [1]
  .bss               zero                    0x4  L3G4200D_ZS.o [1]
  .bss               zero                    0x4  L3G4200D_ZS.o [1]
  .bss               zero                    0x4  L3G4200D_ZS.o [1]
  .bss               zero                    0x4  L3G4200D_ZS.o [1]
  .bss               zero                    0x4  L3G4200D_ZS.o [1]
  .bss               zero                    0x4  L3G4200D_ZS.o [1]
  .bss               zero                    0x4  main.o [1]
  .bss               zero                    0x4  main.o [1]
  .bss               zero                    0x4  main.o [1]
  .bss               zero                    0x4  main.o [1]
  .bss               zero                    0x4  main.o [1]
  .bss               zero                    0x4  main.o [1]
  .bss               zero                    0x4  main.o [1]
  .bss               zero                    0x4  Motor_Control.o [1]
  .bss               zero                    0x4  Motor_Control.o [1]
  .bss               zero                    0x4  SDSB_ZS.o [1]
  .bss               zero                    0x4  SDSB_ZS.o [1]
  .bss               zero                    0x4  SDSB_ZS.o [1]
  .bss               zero                    0x4  SDSB_ZS.o [1]
  .bss               zero                    0x4  SDSB_ZS.o [1]
  .bss               zero                    0x4  SDSB_ZS.o [1]
  .bss               zero                    0x4  SDSB_ZS.o [1]
  .bss               zero                    0x4  SDSB_ZS.o [1]
  .bss               zero                    0x4  SDSB_ZS.o [1]
  .bss               zero                    0x4  SDSB_ZS.o [1]
  .bss               zero                    0x4  SDSB_ZS.o [1]
  .bss               zero                    0x4  SDSB_ZS.o [1]
  .bss               zero                    0x4  SDSB_ZS.o [1]
  .bss               zero                    0x4  SDSB_ZS.o [1]
  .bss               zero                    0x4  SDSB_ZS.o [1]
  .bss               zero                    0x4  SDSB_ZS.o [1]
  .bss               zero                    0x4  SDSB_ZS.o [1]
  .bss               zero                    0x4  SDSB_ZS.o [1]
  .bss               zero                    0x4  SDSB_ZS.o [1]
  .bss               zero                    0x4  SDSB_ZS.o [1]
  .bss               zero                    0x4  SDSB_ZS.o [1]
  .bss               zero                    0x4  SDSB_ZS.o [1]
  .bss               zero                    0x4  SDSB_ZS.o [1]
  .bss               zero                    0x4  SDSB_ZS.o [1]
  .bss               zero                    0x4  SDSB_ZS.o [1]
  .bss               zero                    0x4  SDSB_ZS.o [1]
  .bss               zero                    0x4  SDSB_ZS.o [1]
  .bss               zero                    0x4  SDSB_ZS.o [1]
  .bss               zero                    0x4  SDSB_ZS.o [1]
  .bss               zero                    0x4  SDSB_ZS.o [1]
  .bss               zero                    0x4  SDSB_ZS.o [1]
  .bss               zero                    0x4  SDSB_ZS.o [1]
  .bss               zero                    0x4  SDSB_ZS.o [1]
  .bss               zero                    0x4  SDSB_ZS.o [1]
  .bss               zero                    0x4  SDSB_ZS.o [1]
  .bss               zero                    0x4  SDSB_ZS.o [1]
  .bss               zero                    0x4  Speed_Control.o [1]
  .bss               zero                    0x4  Speed_Control.o [1]
  .bss               zero                    0x4  Speed_Control.o [1]
  .bss               zero                    0x4  Speed_Control.o [1]
  .bss               zero                    0x4  Speed_Control.o [1]
  .bss               zero                    0x4  Speed_Control.o [1]
  .bss               zero                    0x4  Speed_Control.o [1]
  .bss               zero                    0x4  Speed_Control.o [1]
  .bss               zero                    0x4  Speed_Control.o [1]
  .bss               zero                    0x4  Speed_Control.o [1]
  .bss               zero                    0x4  Speed_Control.o [1]
  .bss               zero                    0x4  Speed_Control.o [1]
  .bss               zero                    0x4  Speed_Control.o [1]
  .bss               zero                    0x2  ftm.o [1]
  .bss               zero                    0x2  L3G4200.o [1]
  .bss               zero                    0x2  L3G4200.o [1]
  .bss               zero                    0x2  L3G4200.o [1]
  .bss               zero                    0x2  main.o [1]
  .bss               zero                    0x1  key.o [1]
  .bss               zero                    0x1  key.o [1]
  .bss               zero                    0x1  L3G4200.o [1]
  .bss               zero                    0x1  L3G4200.o [1]
  .bss               zero                    0x1  main.o [1]
  .bss               zero                    0x1  Speed_Control.o [1]
                                           0x344

"P2", part 3 of 3 (*** FAILED ***):        0x100
  CSTACK                                   0x100  <Block>
    CSTACK           uninit                0x100  <Block tail>
                                           0x100



*******************************************************************************
*** MODULE SUMMARY
***

    Module               ro code  ro data  rw data
    ------               -------  -------  -------
H:\智能车程序2018\电磁三轮——ZS\7.17\iar\KEA_128_RAM\Obj: [1]
    Boma_zs.o                 74
    Direction_Control.o    1 608               100
    Fuzzy_ZS.o                                   4
    KEA128_gpio.o            460       12
    KEA128_i2c.o             932      128        8
    KEA128_port.o             88
    KEA128_systick.o          84
    KEA128_uart.o            336                12
    L3G4200.o                184                 8
    L3G4200D_ZS.o            392                48
    Motor_Control.o          468                24
    QT.o                     114
    SDSB_ZS.o              3 000               709
    Speed_Control.o          396                53
    XS_ZS.o                  104
    adc.o                    308
    common.o                 196       24       16
    ftm.o                  1 036       12        2
    inductor_1.o             764
    key.o                    390                 2
    main.o                   484                32
    oled.o                   996      588        8
    oled_zs.o              1 872       16
    pit.o                    208
    spi.o                    328       44        8
    startup_SKEAZ1284.o      296
    system_SKEAZ1284.o       116
    ----------------------------------------------
    Total:                15 234      824    1 034

command line: [2]
    ----------------------------------------------
    Total:

dl6M_tlf.a: [3]
    abs.o                      8
    errno.o                   16                 4
    exit.o                     8
    low_level_init.o           4
    xtls.o                     2
    ----------------------------------------------
    Total:                    38                 4

m6M_tl.a: [4]
    DblAddSub.o              436
    DblCmpEq.o                36
    DblCmpGe.o                50
    DblCmpLe.o                50
    DblDiv.o                 194
    DblMul.o                 388
    DblToFlt.o                98
    DblToI32.o                78
    FltAddSub.o              288
    FltCmpEq.o                32
    FltCmpGe.o                40
    FltCmpLe.o                38
    FltDiv.o                 170
    FltMul.o                 176
    FltToDbl.o                50
    FltToS32.o                58
    FltToU32.o                38
    I32ToDbl.o                48
    I32ToFlt.o                54
    fmod.o                   198
    tan.o                    696
    xdint.o                  140
    xquad.o                  372
    ----------------------------------------------
    Total:                 3 728

rt6M_tl.a: [5]
    ABImemcpy.o               52
    I32DivModFast.o          224
    IntDivZer.o                2
    cexit.o                   10
    cmain.o                   26
    cstartup_M.o              12
    data_init.o               40
    iarEdom.o                 12
    zero_init3.o              42
    ----------------------------------------------
    Total:                   420

shb_l.a: [6]
    exit.o                    20
    ----------------------------------------------
    Total:                    20

    Linker created                    204      256
--------------------------------------------------
    Grand Total:          19 440    1 028    1 294


*******************************************************************************
*** ENTRY LIST
***

Entry                      Address   Size  Type      Object
-----                      -------   ----  ----      ------
.iar.init_table$$Base   0x00004d7c          --   Gb  - Linker created -
.iar.init_table$$Limit  0x00004d8c          --   Gb  - Linker created -
?main                   0x00004d8d         Code  Gb  cmain.o [5]
ADC_Able                0x00000c6f   0x1c  Code  Gb  adc.o [1]
ADC_Init                0x00000c49   0x26  Code  Gb  adc.o [1]
ADC_Once                0x00000c8b   0x48  Code  Gb  adc.o [1]
AD_0_max                0x0000028c    0x4  Data  Gb  SDSB_ZS.o [1]
AD_2_max                0x00000290    0x4  Data  Gb  SDSB_ZS.o [1]
AD_V                    0x00000118   0x3c  Data  Gb  SDSB_ZS.o [1]
AD_hall                 0x000002ec    0x4  Data  Gb  SDSB_ZS.o [1]
AD_inductor             0x0000019c   0x14  Data  Gb  SDSB_ZS.o [1]
AD_inductor_Huan        0x0000027c    0x4  Data  Gb  SDSB_ZS.o [1]
AD_inductor_Shuzhi_Max  0x000000b0    0x4  Data  Gb  SDSB_ZS.o [1]
AD_inductor_Shuzhi_Min  0x000000b4    0x4  Data  Gb  SDSB_ZS.o [1]
AD_sum                  0x000001c4   0x14  Data  Gb  SDSB_ZS.o [1]
AD_valu                 0x00000188   0x14  Data  Gb  SDSB_ZS.o [1]
Angle_D                 0x00000218    0x4  Data  Gb  Direction_Control.o [1]
Angle_D_Temp            0x0000021c    0x4  Data  Gb  Direction_Control.o [1]
Angle_P                 0x00000080    0x4  Data  Gb  Direction_Control.o [1]
Angle_P_Temp            0x0000020c    0x4  Data  Gb  Direction_Control.o [1]
B                       0x00000044    0x4  Data  Gb  Direction_Control.o [1]
BO_Scan                 0x00004bcd   0x4a  Code  Gb  Boma_zs.o [1]
BangBang                0x00002e15   0xfc  Code  Gb  Direction_Control.o [1]
Boma_num                0x00000264    0x4  Data  Gb  main.o [1]
CSTACK$$Base            0x00000000          --   Gb  - Linker created -
CSTACK$$Limit           0x00000100          --   Gb  - Linker created -
Change                  0x00000bb9   0x90  Code  Gb  adc.o [1]
Chasu_Bili              0x0000006c    0x4  Data  Gb  Direction_Control.o [1]
Chazhi                  0x00000274    0x4  Data  Gb  SDSB_ZS.o [1]
Chazhi_Chucun           0x000000c8   0x50  Data  Gb  SDSB_ZS.o [1]
Chazhi_Last             0x00000278    0x4  Data  Gb  SDSB_ZS.o [1]
Chazhi_Max_New          0x000000a4    0x4  Data  Gb  SDSB_ZS.o [1]
Chazhi_Old              0x00000270    0x4  Data  Gb  SDSB_ZS.o [1]
Chazhi_Rate             0x00000224    0x4  Data  Gb  Fuzzy_ZS.o [1]
Circle_Count            0x000002c8    0x4  Data  Gb  SDSB_ZS.o [1]
Circle_Count2           0x000002cc    0x4  Data  Gb  SDSB_ZS.o [1]
Circle_Count6           0x000002d0    0x4  Data  Gb  SDSB_ZS.o [1]
Circle_Count6_Max       0x000000b8    0x4  Data  Gb  SDSB_ZS.o [1]
Circle_Count_Max        0x000000a8    0x4  Data  Gb  SDSB_ZS.o [1]
Circle_Count_Out_Flag   0x000002d4    0x4  Data  Gb  SDSB_ZS.o [1]
Circle_Error_Flag       0x000002e0    0x4  Data  Gb  SDSB_ZS.o [1]
Circle_Finish_Count_Max
                        0x000000ac    0x4  Data  Gb  SDSB_ZS.o [1]
Circle_Flag             0x000002b8    0x4  Data  Gb  SDSB_ZS.o [1]
Circle_Inductor_value1  0x000000bc    0x4  Data  Gb  SDSB_ZS.o [1]
Circle_L_Count          0x000002d8    0x4  Data  Gb  SDSB_ZS.o [1]
Circle_L_Finish_Count   0x000002e4    0x4  Data  Gb  SDSB_ZS.o [1]
Circle_L_Flag           0x000002bc    0x4  Data  Gb  SDSB_ZS.o [1]
Circle_R_Count          0x000002dc    0x4  Data  Gb  SDSB_ZS.o [1]
Circle_R_Finish_Count   0x000002e8    0x4  Data  Gb  SDSB_ZS.o [1]
Circle_R_Flag           0x000002c0    0x4  Data  Gb  SDSB_ZS.o [1]
Circle_Turn_Old_Flag    0x000002c4    0x4  Data  Gb  SDSB_ZS.o [1]
Control_Output_L        0x00000200    0x4  Data  Gb  Direction_Control.o [1]
Control_Output_R        0x00000204    0x4  Data  Gb  Direction_Control.o [1]
Controler               0x00002f2d   0x90  Code  Gb  Direction_Control.o [1]
DEAD_L                  0x00000098    0x4  Data  Gb  Motor_Control.o [1]
DEAD_R                  0x0000009c    0x4  Data  Gb  Motor_Control.o [1]
Direction_ChaSpeed_Control
                        0x00002be5  0x1ee  Code  Gb  Direction_Control.o [1]
Direction_Control_Output_L
                        0x000001f8    0x4  Data  Gb  Direction_Control.o [1]
Direction_Control_Output_R
                        0x000001fc    0x4  Data  Gb  Direction_Control.o [1]
Direction_Controler     0x00002a05  0x1a6  Code  Gb  Direction_Control.o [1]
Direction_D             0x00000214    0x4  Data  Gb  Direction_Control.o [1]
Direction_D2            0x0000007c    0x4  Data  Gb  Direction_Control.o [1]
Direction_P             0x00000074    0x4  Data  Gb  Direction_Control.o [1]
Direction_P2            0x00000078    0x4  Data  Gb  Direction_Control.o [1]
Direction_P2_Temp       0x00000208    0x4  Data  Gb  Direction_Control.o [1]
Direction_P_Temp        0x00000210    0x4  Data  Gb  Direction_Control.o [1]
F6x8                    0x00003f24  0x228  Data  Gb  oled.o [1]
FTMX                    0x00004dfc    0xc  Data  Lc  ftm.o [1]
FTM_CountClean          0x00002673   0x10  Code  Gb  ftm.o [1]
FTM_PwmDuty             0x000024fd   0x68  Code  Gb  ftm.o [1]
FTM_PwmInit             0x000023c3  0x13a  Code  Gb  ftm.o [1]
FTM_PwmMux              0x000022a1  0x122  Code  Gb  ftm.o [1]
FTM_SpeedGet            0x00002663   0x10  Code  Gb  ftm.o [1]
FTM_SpeedInit           0x00002613   0x50  Code  Gb  ftm.o [1]
FTM_SpeedMux            0x00002579   0x9a  Code  Gb  ftm.o [1]
GPIOX                   0x00004e08    0xc  Data  Lc  KEA128_gpio.o [1]
Get_CarSpeed            0x00004805  0x150  Code  Gb  Speed_Control.o [1]
GpioGet                 0x00000ebb   0x34  Code  Gb  KEA128_gpio.o [1]
GpioInit                0x00000dbd   0xfe  Code  Gb  KEA128_gpio.o [1]
GpioSet                 0x00000eef   0x52  Code  Gb  KEA128_gpio.o [1]
GpioTurn                0x00000f41   0x42  Code  Gb  KEA128_gpio.o [1]
Gyro_ZS                 0x0000467d  0x188  Code  Gb  L3G4200D_ZS.o [1]
Hall                    0x00000001   0x80  Code  Gb  SDSB_ZS.o [1]
I2CN                    0x00000050    0x8  Data  Gb  KEA128_i2c.o [1]
Inductor_Check          0x000009b1  0x1f2  Code  Gb  SDSB_ZS.o [1]
Inductor_analyse        0x00000345  0x540  Code  Gb  SDSB_ZS.o [1]
IoInit                  0x00004539   0x72  Code  Gb  QT.o [1]
KEY_Init                0x00001d35   0x66  Code  Gb  key.o [1]
KEY_Scan                0x00001d9b  0x120  Code  Gb  key.o [1]
KEY_menuChange          0x0000033e    0x1  Data  Gb  key.o [1]
KEY_sta                 0x0000033f    0x1  Data  Gb  key.o [1]
L                       0x00000068    0x4  Data  Gb  Direction_Control.o [1]
L3G4200_Init            0x00004481   0x56  Code  Gb  L3G4200.o [1]
L3G4200_Read            0x000044d7   0x4c  Code  Gb  L3G4200.o [1]
Motor_Max               0x00000090    0x4  Data  Gb  Motor_Control.o [1]
Motor_Min               0x00000094    0x4  Data  Gb  Motor_Control.o [1]
Motor_Out_L             0x00000268    0x4  Data  Gb  Motor_Control.o [1]
Motor_Out_R             0x0000026c    0x4  Data  Gb  Motor_Control.o [1]
Motor_control           0x00004991  0x1d4  Code  Gb  Motor_Control.o [1]
NVIC_EnableIRQ          0x000045ad    0xe  Code  Lc  pit.o [1]
OLED_Biaoge_ZS          0x00001901  0x140  Code  Gb  oled_zs.o [1]
OLED_Clear              0x00001f09   0x38  Code  Gb  oled.o [1]
OLED_DisplayFloat       0x0000218f   0xf8  Code  Gb  oled.o [1]
OLED_DisplaytinyStr     0x00002057   0x52  Code  Gb  oled.o [1]
OLED_HEXACSII           0x000020b5   0x38  Code  Gb  oled.o [1]
OLED_Inductor_Dynamic   0x00004b65   0x5e  Code  Gb  XS_ZS.o [1]
OLED_Init               0x00001f69   0xee  Code  Gb  oled.o [1]
OLED_Int16              0x00002159   0x36  Code  Gb  oled.o [1]
OLED_Key_ZS             0x000015e5  0x2ec  Code  Gb  oled_zs.o [1]
OLED_SPI                0x00000058    0x8  Data  Gb  oled.o [1]
OLED_Select_ZS          0x00001a51  0x1e0  Code  Gb  oled_zs.o [1]
OLED_Set_Pos            0x00001f41   0x28  Code  Gb  oled.o [1]
OLED_Uint16             0x000020ed   0x6c  Code  Gb  oled.o [1]
OLED_WrCmd              0x00001ebd   0x26  Code  Gb  oled.o [1]
OLED_WrDat              0x00001ee3   0x26  Code  Gb  oled.o [1]
Oled_Data_ZS            0x00001c65   0xa2  Code  Gb  oled_zs.o [1]
PIT_CH0_IRQHandler      0x000041ad  0x158  Code  Gb  main.o [1]
PIT_EnableIrq           0x0000463d   0x22  Code  Gb  pit.o [1]
PIT_Init                0x000045bb   0x82  Code  Gb  pit.o [1]
PIT_times               0x0000033c    0x2  Data  Gb  main.o [1]
Position_transit        0x00000028   0x10  Data  Gb  SDSB_ZS.o [1]
Read_ADC                0x00000f89  0x2ca  Code  Gb  inductor_1.o [1]
RefAd                   0x000000a0    0x4  Data  Gb  SDSB_ZS.o [1]
Region$$Table$$Base     0x00004d7c          --   Gb  - Linker created -
Region$$Table$$Limit    0x00004d8c          --   Gb  - Linker created -
Road_Remember           0x00000000   0xc8  Data  Gb  SDSB_ZS.o [1]
SPIN                    0x00000060    0x8  Data  Gb  spi.o [1]
Slope_AD_1              0x00000284    0x4  Data  Gb  SDSB_ZS.o [1]
Speed_Error_L           0x00000318    0x4  Data  Gb  Speed_Control.o [1]
Speed_Error_R           0x0000031c    0x4  Data  Gb  Speed_Control.o [1]
Speed_I_lntegral_L      0x000001f0    0x4  Data  Gb  Direction_Control.o [1]
Speed_I_lntegral_R      0x000001f4    0x4  Data  Gb  Direction_Control.o [1]
Speed_PWM               0x00000220    0x4  Data  Gb  Direction_Control.o [1]
Start                   0x00004cad   0x3c  Code  Gb  system_SKEAZ1284.o [1]
Stop_Flag               0x000002f8    0x4  Data  Gb  SDSB_ZS.o [1]
Stop_OK                 0x000002f4    0x4  Data  Gb  SDSB_ZS.o [1]
Stop_Plan_Flag          0x000002f0    0x4  Data  Gb  SDSB_ZS.o [1]
Stop_ms                 0x000002fc    0x4  Data  Gb  SDSB_ZS.o [1]
StraightRoad            0x00000294    0x4  Data  Gb  SDSB_ZS.o [1]
StraightRoad_Flag       0x000002a8    0x4  Data  Gb  SDSB_ZS.o [1]
StraightRoad_Old        0x00000298    0x4  Data  Gb  SDSB_ZS.o [1]
SystickDelay            0x000026ad   0x26  Code  Gb  KEA128_systick.o [1]
SystickDelayMs          0x000026d3   0x1c  Code  Gb  KEA128_systick.o [1]
Test_Huandao            0x00000099  0x23a  Code  Gb  SDSB_ZS.o [1]
Test_RoadInfo           0x000008b1   0xc0  Code  Gb  SDSB_ZS.o [1]
UART_Init               0x00004399   0xd0  Code  Gb  KEA128_uart.o [1]
WindingRoad             0x000002a4    0x4  Data  Gb  SDSB_ZS.o [1]
WindingRoad_Flag        0x000002b4    0x4  Data  Gb  SDSB_ZS.o [1]
WindingRoad_Left        0x0000029c    0x4  Data  Gb  SDSB_ZS.o [1]
WindingRoad_Left_Flag   0x000002ac    0x4  Data  Gb  SDSB_ZS.o [1]
WindingRoad_Right       0x000002a0    0x4  Data  Gb  SDSB_ZS.o [1]
WindingRoad_Right_Flag  0x000002b0    0x4  Data  Gb  SDSB_ZS.o [1]
__BOOT_STACK_ADDRESS {Abs}
                        0x20002ff7          --   Gb  command line/config [2]
__VECTOR_RAM {Abs}      0x1ffff000          --   Gb  command line/config [2]
__VECTOR_TABLE {Abs}    0x1ffff000          --   Gb  command line/config [2]
__Vectors               0x1ffff000          --   Gb  startup_SKEAZ1284.o [1]
__Vectors_End           0x1ffff0c0         Data  Gb  startup_SKEAZ1284.o [1]
__Vectors_Size {Abs}    0x000000c0          --   Gb  startup_SKEAZ1284.o [1]
__aeabi_cdcmpeq         0x00003a89         Code  Gb  DblCmpEq.o [4]
__aeabi_cdcmple         0x0000307f         Code  Gb  DblCmpLe.o [4]
__aeabi_cdrcmple        0x000037c7         Code  Gb  DblCmpGe.o [4]
__aeabi_cfcmpeq         0x00000d4d         Code  Gb  FltCmpEq.o [4]
__aeabi_cfcmple         0x00000d6d         Code  Gb  FltCmpLe.o [4]
__aeabi_cfrcmple        0x00000d95         Code  Gb  FltCmpGe.o [4]
__aeabi_d2f             0x000030b1         Code  Gb  DblToFlt.o [4]
__aeabi_d2iz            0x000037f9         Code  Gb  DblToI32.o [4]
__aeabi_dadd            0x00003613         Code  Gb  DblAddSub.o [4]
__aeabi_ddiv            0x00003551         Code  Gb  DblDiv.o [4]
__aeabi_dmul            0x00003113         Code  Gb  DblMul.o [4]
__aeabi_dsub            0x000036d9         Code  Gb  DblAddSub.o [4]
__aeabi_errno_addr      0x000039ed    0xa  Code  Gb  errno.o [3]
__aeabi_f2d             0x0000304d         Code  Gb  FltToDbl.o [4]
__aeabi_f2iz            0x00002871         Code  Gb  FltToS32.o [4]
__aeabi_f2uiz           0x00002849         Code  Gb  FltToU32.o [4]
__aeabi_fadd            0x00001285         Code  Gb  FltAddSub.o [4]
__aeabi_fdiv            0x000013a5         Code  Gb  FltDiv.o [4]
__aeabi_fmul            0x0000144f         Code  Gb  FltMul.o [4]
__aeabi_fsub            0x000012f5         Code  Gb  FltAddSub.o [4]
__aeabi_i2d             0x00003849         Code  Gb  I32ToDbl.o [4]
__aeabi_i2f             0x00000ced         Code  Gb  I32ToFlt.o [4]
__aeabi_idiv            0x0000152b         Code  Gb  I32DivModFast.o [5]
__aeabi_idiv0           0x000015e1         Code  Gb  IntDivZer.o [5]
__aeabi_idivmod         0x0000152b         Code  Gb  I32DivModFast.o [5]
__aeabi_memcpy4         0x000029c9         Code  Wk  ABImemcpy.o [5]
__aeabi_ui2f            0x00000d05         Code  Gb  I32ToFlt.o [4]
__aeabi_uidiv           0x00001531         Code  Gb  I32DivModFast.o [5]
__aeabi_uidivmod        0x00001531         Code  Gb  I32DivModFast.o [5]
__cmain                 0x00004d8d         Code  Gb  cmain.o [5]
__exit                  0x00004dc1   0x14  Code  Gb  exit.o [6]
__iar_Dint              0x000039fd   0x8c  Code  Gb  xdint.o [4]
__iar_Errno             0x000000c0    0x4  Data  Gb  errno.o [3]
__iar_Quad              0x00003879  0x174  Code  Gb  xquad.o [4]
__iar_d2uiz             0x0000381d         Code  Gb  DblToI32.o [4]
__iar_data_init3        0x00004d0d   0x28  Code  Gb  data_init.o [5]
__iar_dlib_perthread_access
                        0x00003b73    0x2  Code  Gb  xtls.o [3]
__iar_edom              0x00003b75         Code  Gb  iarEdom.o [5]
__iar_fmod              0x00003aad         Code  Gb  fmod.o [4]
__iar_fmodl             0x00003aad         Code  Gb  fmod.o [4]
__iar_program_start     0x00004e15         Code  Gb  cstartup_M.o [5]
__iar_ui2d              0x0000385d         Code  Gb  I32ToDbl.o [4]
__iar_ui2f              0x00000d09         Code  Gb  I32ToFlt.o [4]
__iar_zero_init3        0x00000d23   0x2a  Code  Gb  zero_init3.o [5]
__low_level_init        0x00004da7    0x4  Code  Gb  low_level_init.o [3]
__vector_table          0x1ffff000         Data  Gb  startup_SKEAZ1284.o [1]
_call_main              0x00004d99         Code  Gb  cmain.o [5]
_exit                   0x00004db5         Code  Gb  cexit.o [5]
_main                   0x00004da3         Code  Gb  cmain.o [5]
abs                     0x000029fd    0x8  Code  Gb  abs.o [3]
abs_f                   0x00001273   0x12  Code  Gb  inductor_1.o [1]
abs_inductor            0x00001265    0xe  Code  Gb  inductor_1.o [1]
ad_valu                 0x00000154   0x34  Data  Gb  SDSB_ZS.o [1]
angle                   0x000001ec    0x4  Data  Gb  Direction_Control.o [1]
angle_limit             0x00000048    0x8  Data  Gb  Direction_Control.o [1]
bus_clk_khz             0x000001e4    0x4  Data  Gb  common.o [1]
carStatus               0x00000342    0x1  Data  Gb  main.o [1]
core_clk_khz            0x000001e0    0x4  Data  Gb  common.o [1]
disable_wdog            0x00004c99   0x14  Code  Gb  system_SKEAZ1284.o [1]
exit                    0x00004dab    0x8  Code  Gb  exit.o [3]
fmod                    0x00003aad         Code  Gb  fmod.o [4]
fmodl                   0x00003aad         Code  Gb  fmod.o [4]
ftm_clk_khz             0x000001dc    0x4  Data  Gb  common.o [1]
g_mod                   0x00000334    0x2  Data  Gb  ftm.o [1]
get_clk                 0x00002905   0x9e  Code  Gb  common.o [1]
gg                      0x0000023c    0x4  Data  Gb  L3G4200D_ZS.o [1]
gyr_angle               0x00000230    0x4  Data  Gb  L3G4200D_ZS.o [1]
gyr_angle_speed         0x00000228    0x4  Data  Gb  L3G4200D_ZS.o [1]
gyr_angle_speed_static  0x00000084    0x4  Data  Gb  L3G4200D_ZS.o [1]
gyr_angle_speed_up      0x0000022c    0x4  Data  Gb  L3G4200D_ZS.o [1]
gyr_angle_up            0x00000234    0x4  Data  Gb  L3G4200D_ZS.o [1]
gyr_offset__x_average   0x00000244    0x4  Data  Gb  L3G4200D_ZS.o [1]
gyr_offset__x_sum       0x00000240    0x4  Data  Gb  L3G4200D_ZS.o [1]
gyr_offset_x            0x00000088    0x4  Data  Gb  L3G4200D_ZS.o [1]
gyr_offset_z            0x0000008c    0x4  Data  Gb  L3G4200D_ZS.o [1]
gyr_offset_z_sum        0x00000238    0x4  Data  Gb  L3G4200D_ZS.o [1]
gyro_ID                 0x00000341    0x1  Data  Gb  L3G4200.o [1]
gyro_x                  0x00000338    0x2  Data  Gb  L3G4200.o [1]
gyro_z                  0x0000033a    0x2  Data  Gb  L3G4200.o [1]
gz                      0x00000340    0x1  Data  Gb  L3G4200.o [1]
i2c_Wait                0x00003b81   0xc2  Code  Gb  KEA128_i2c.o [1]
i2c_delay               0x00003d4f   0x1a  Code  Gb  KEA128_i2c.o [1]
i2c_init                0x00003c43  0x10c  Code  Gb  KEA128_i2c.o [1]
i2c_read_reg            0x00003d69  0x102  Code  Gb  KEA128_i2c.o [1]
i2c_write_reg           0x00003e9d   0x84  Code  Gb  KEA128_i2c.o [1]
ics_clk_khz             0x000001d8    0x4  Data  Gb  common.o [1]
iic_error               0x00000254    0x4  Data  Gb  main.o [1]
iic_error_counter       0x00000258    0x4  Data  Gb  main.o [1]
k                       0x000001e8    0x4  Data  Gb  Direction_Control.o [1]
main                    0x0000414d   0x60  Code  Gb  main.o [1]
max_v                   0x00000000   0x14  Data  Gb  SDSB_ZS.o [1]
max_value               0x00000288    0x4  Data  Gb  SDSB_ZS.o [1]
menuNum                 0x00004d34   0x24  Data  Gb  oled.o [1]
menuSelect              0x000000c8    0x1  Data  Gb  main.o [1]
min_v                   0x00000014   0x14  Data  Gb  SDSB_ZS.o [1]
ms                      0x0000025c    0x4  Data  Gb  main.o [1]
position                0x000000c9    0x1  Data  Gb  SDSB_ZS.o [1]
prot_pull               0x000028ad   0x58  Code  Gb  KEA128_port.o [1]
s                       0x00000260    0x4  Data  Gb  main.o [1]
sensor_to_one           0x000001b0   0x14  Data  Gb  SDSB_ZS.o [1]
sensor_to_one_Huan      0x00000280    0x4  Data  Gb  SDSB_ZS.o [1]
speed_L                 0x00000328    0x4  Data  Gb  Speed_Control.o [1]
speed_R                 0x0000032c    0x4  Data  Gb  Speed_Control.o [1]
speed_buzzer            0x00000300    0x4  Data  Gb  Speed_Control.o [1]
speed_car               0x00000330    0x4  Data  Gb  Speed_Control.o [1]
speed_measure_L         0x00000320    0x4  Data  Gb  Speed_Control.o [1]
speed_measure_R         0x00000324    0x4  Data  Gb  Speed_Control.o [1]
speed_set               0x00000070    0x4  Data  Gb  Direction_Control.o [1]
speed_set_L             0x00000304    0x4  Data  Gb  Speed_Control.o [1]
speed_set_R             0x00000308    0x4  Data  Gb  Speed_Control.o [1]
speed_set_temp          0x0000030c    0x4  Data  Gb  Speed_Control.o [1]
speed_set_temp_L        0x00000310    0x4  Data  Gb  Speed_Control.o [1]
speed_set_temp_R        0x00000314    0x4  Data  Gb  Speed_Control.o [1]
spi_init                0x00002701  0x12a  Code  Gb  spi.o [1]
sure_time               0x00000248    0x4  Data  Gb  L3G4200D_ZS.o [1]
tan                     0x00003299  0x2b8  Code  Gb  tan.o [4]
uart                    0x00000038    0xc  Data  Gb  KEA128_uart.o [1]
uart_mux                0x00004331   0x68  Code  Gb  KEA128_uart.o [1]
wgz                     0x00000336    0x2  Data  Gb  L3G4200.o [1]
z                       0x0000024c    0x4  Data  Gb  main.o [1]
zs_car                  0x00000250    0x4  Data  Gb  main.o [1]


[1] = H:\智能车程序2018\电磁三轮——ZS\7.17\iar\KEA_128_RAM\Obj
[2] = command line
[3] = dl6M_tlf.a
[4] = m6M_tl.a
[5] = rt6M_tl.a
[6] = shb_l.a

  19 440 bytes of readonly  code memory
   1 028 bytes of readonly  data memory
   1 294 bytes of readwrite data memory

Errors: 1
Warnings: none
