###############################################################################
#
# IAR ELF Linker V7.40.2.8542/W32 for ARM                 31/Jul/2018  01:25:13
# Copyright 2007-2015 IAR Systems AB.
#
#    Output file  =  
#        H:\智能车程序2018\三轮比赛\7.29-sc\iar\KEA_128_FLASH\Exe\cowherd.out
#    Map file     =  
#        H:\智能车程序2018\三轮比赛\7.29-sc\iar\KEA_128_FLASH\List\cowherd.map
#    Command line =  
#        H:\智能车程序2018\三轮比赛\7.29-sc\iar\KEA_128_FLASH\Obj\adc.o
#        H:\智能车程序2018\三轮比赛\7.29-sc\iar\KEA_128_FLASH\Obj\Boma_zs.o
#        H:\智能车程序2018\三轮比赛\7.29-sc\iar\KEA_128_FLASH\Obj\common.o
#        H:\智能车程序2018\三轮比赛\7.29-sc\iar\KEA_128_FLASH\Obj\Control.o
#        H:\智能车程序2018\三轮比赛\7.29-sc\iar\KEA_128_FLASH\Obj\Direction_Control.o
#        H:\智能车程序2018\三轮比赛\7.29-sc\iar\KEA_128_FLASH\Obj\flash.o
#        H:\智能车程序2018\三轮比赛\7.29-sc\iar\KEA_128_FLASH\Obj\ftm.o
#        H:\智能车程序2018\三轮比赛\7.29-sc\iar\KEA_128_FLASH\Obj\Fuzzy_ZS.o
#        H:\智能车程序2018\三轮比赛\7.29-sc\iar\KEA_128_FLASH\Obj\Fuzzy_ZS2.o
#        H:\智能车程序2018\三轮比赛\7.29-sc\iar\KEA_128_FLASH\Obj\iicAnalog.o
#        H:\智能车程序2018\三轮比赛\7.29-sc\iar\KEA_128_FLASH\Obj\inductor_1.o
#        H:\智能车程序2018\三轮比赛\7.29-sc\iar\KEA_128_FLASH\Obj\KEA128_adc.o
#        H:\智能车程序2018\三轮比赛\7.29-sc\iar\KEA_128_FLASH\Obj\KEA128_flash.o
#        H:\智能车程序2018\三轮比赛\7.29-sc\iar\KEA_128_FLASH\Obj\KEA128_gpio.o
#        H:\智能车程序2018\三轮比赛\7.29-sc\iar\KEA_128_FLASH\Obj\KEA128_i2c.o
#        H:\智能车程序2018\三轮比赛\7.29-sc\iar\KEA_128_FLASH\Obj\KEA128_irq.o
#        H:\智能车程序2018\三轮比赛\7.29-sc\iar\KEA_128_FLASH\Obj\KEA128_kbi.o
#        H:\智能车程序2018\三轮比赛\7.29-sc\iar\KEA_128_FLASH\Obj\KEA128_port.o
#        H:\智能车程序2018\三轮比赛\7.29-sc\iar\KEA_128_FLASH\Obj\KEA128_systick.o
#        H:\智能车程序2018\三轮比赛\7.29-sc\iar\KEA_128_FLASH\Obj\KEA128_uart.o
#        H:\智能车程序2018\三轮比赛\7.29-sc\iar\KEA_128_FLASH\Obj\key.o
#        H:\智能车程序2018\三轮比赛\7.29-sc\iar\KEA_128_FLASH\Obj\L3G4200.o
#        H:\智能车程序2018\三轮比赛\7.29-sc\iar\KEA_128_FLASH\Obj\L3G4200D_ZS.o
#        H:\智能车程序2018\三轮比赛\7.29-sc\iar\KEA_128_FLASH\Obj\lcd.o
#        H:\智能车程序2018\三轮比赛\7.29-sc\iar\KEA_128_FLASH\Obj\lcd_zs.o
#        H:\智能车程序2018\三轮比赛\7.29-sc\iar\KEA_128_FLASH\Obj\main.o
#        H:\智能车程序2018\三轮比赛\7.29-sc\iar\KEA_128_FLASH\Obj\Motor_Control.o
#        H:\智能车程序2018\三轮比赛\7.29-sc\iar\KEA_128_FLASH\Obj\oled.o
#        H:\智能车程序2018\三轮比赛\7.29-sc\iar\KEA_128_FLASH\Obj\oled_zs.o
#        H:\智能车程序2018\三轮比赛\7.29-sc\iar\KEA_128_FLASH\Obj\outputdata.o
#        H:\智能车程序2018\三轮比赛\7.29-sc\iar\KEA_128_FLASH\Obj\outputdata_zs.o
#        H:\智能车程序2018\三轮比赛\7.29-sc\iar\KEA_128_FLASH\Obj\pit.o
#        H:\智能车程序2018\三轮比赛\7.29-sc\iar\KEA_128_FLASH\Obj\QT.o
#        H:\智能车程序2018\三轮比赛\7.29-sc\iar\KEA_128_FLASH\Obj\SDSB_ZS.o
#        H:\智能车程序2018\三轮比赛\7.29-sc\iar\KEA_128_FLASH\Obj\Speed_Control.o
#        H:\智能车程序2018\三轮比赛\7.29-sc\iar\KEA_128_FLASH\Obj\spi.o
#        H:\智能车程序2018\三轮比赛\7.29-sc\iar\KEA_128_FLASH\Obj\startup_SKEAZ1284.o
#        H:\智能车程序2018\三轮比赛\7.29-sc\iar\KEA_128_FLASH\Obj\system_SKEAZ1284.o
#        H:\智能车程序2018\三轮比赛\7.29-sc\iar\KEA_128_FLASH\Obj\Tiaoshi_zs.o
#        H:\智能车程序2018\三轮比赛\7.29-sc\iar\KEA_128_FLASH\Obj\uart.o
#        H:\智能车程序2018\三轮比赛\7.29-sc\iar\KEA_128_FLASH\Obj\XS_ZS.o
#        --redirect _Printf=_PrintfFull --redirect _Scanf=_ScanfFull -o
#        H:\智能车程序2018\三轮比赛\7.29-sc\iar\KEA_128_FLASH\Exe\cowherd.out
#        --map
#        H:\智能车程序2018\三轮比赛\7.29-sc\iar\KEA_128_FLASH\List\cowherd.map
#        --config
#        H:\智能车程序2018\三轮比赛\7.29-sc\iar\..\system\link\KEA128.icf
#        --semihosting --entry __iar_program_start --vfe
#
###############################################################################

*******************************************************************************
*** RUNTIME MODEL ATTRIBUTES
***

CppFlavor                     = *
__Heap_Handler                = Basic
__SystemLibrary               = DLib
__dlib_dynamic_initialization = normal


*******************************************************************************
*** PLACEMENT SUMMARY
***

"A1":  place at 0x00000000 { ro section .intvec };
"P2":  place in [from 0x00000000 to 0x000003ff] |
                [from 0x00000410 to 0x0001ffff] { ro };
"P3":  place in [from 0x1ffff000 to 0x20002fff] { rw, block CSTACK, block HEAP };

  Section             Kind        Address    Size  Object
  -------             ----        -------    ----  ------
"A1":                                        0xd0
  .intvec             ro code  0x00000000    0xd0  startup_SKEAZ1284.o [1]
                             - 0x000000d0    0xd0

"P2", part 1 of 2:                           0xf8
  .rodata             const    0x000000d0     0x0  zero_init3.o [5]
  .rodata             const    0x000000d0     0x0  copy_init3.o [5]
  Initializer bytes   const    0x000000d0    0xf8  <for P3 s0> (used: 0xf4)
                             - 0x000001c8    0xf8

"P2", part 2 of 2:                         0x67ca
  .text               ro code  0x00000410  0x1710  oled_zs.o [1]
  .text               ro code  0x00001b20   0x192  key.o [1]
  .text               ro code  0x00001cb2   0x120  FltAddSub.o [4]
  .text               ro code  0x00001dd2    0x2a  zero_init3.o [5]
  .text               ro code  0x00001dfc   0x3fc  oled.o [1]
  .text               ro code  0x000021f8    0x36  I32ToFlt.o [4]
  .text               ro code  0x0000222e     0x2  startup_SKEAZ1284.o [1]
  .text               ro code  0x00002230    0x20  FltCmpEq.o [4]
  .text               ro code  0x00002250    0x3a  FltToS32.o [4]
  .text               ro code  0x0000228a     0x2  startup_SKEAZ1284.o [1]
  .text               ro code  0x0000228c   0x1e8  KEA128_gpio.o [1]
  .text               ro code  0x00002474   0x418  ftm.o [1]
  .text               ro code  0x0000288c    0x54  KEA128_systick.o [1]
  .text               ro code  0x000028e0   0x154  spi.o [1]
  .text               ro code  0x00002a34    0xe0  I32DivModFast.o [5]
  .text               ro code  0x00002b14    0x26  FltCmpLe.o [4]
  .text               ro code  0x00002b3a     0x2  startup_SKEAZ1284.o [1]
  .text               ro code  0x00002b3c    0x26  FltToU32.o [4]
  .text               ro code  0x00002b62     0x2  startup_SKEAZ1284.o [1]
  .text               ro code  0x00002b64    0x28  FltCmpGe.o [4]
  .text               ro code  0x00002b8c    0xb0  FltMul.o [4]
  .text               ro code  0x00002c3c    0x5c  KEA128_port.o [1]
  .text               ro code  0x00002c98    0xc4  common.o [1]
  .text               ro code  0x00002d5c    0x34  ABImemcpy.o [5]
  .text               ro code  0x00002d90     0x8  abs.o [3]
  .text               ro code  0x00002d98     0x2  IntDivZer.o [5]
  .text               ro code  0x00002d9a     0x2  startup_SKEAZ1284.o [1]
  .text               ro code  0x00002d9c   0xc5c  SDSB_ZS.o [1]
  .text               ro code  0x000039f8   0x15c  adc.o [1]
  .text               ro code  0x00003b54   0x310  inductor_1.o [1]
  .text               ro code  0x00003e64    0xaa  FltDiv.o [4]
  .text               ro code  0x00003f0e     0x2  startup_SKEAZ1284.o [1]
  .text               ro code  0x00003f10   0x7f4  Direction_Control.o [1]
  .text               ro code  0x00004704    0x32  FltToDbl.o [4]
  .text               ro code  0x00004736    0x32  DblCmpLe.o [4]
  .text               ro code  0x00004768    0x62  DblToFlt.o [4]
  .text               ro code  0x000047ca   0x184  DblMul.o [4]
  .text               ro code  0x0000494e     0x2  startup_SKEAZ1284.o [1]
  .text               ro code  0x00004950   0x2b8  tan.o [4]
  .text               ro code  0x00004c08    0xc2  DblDiv.o [4]
  .text               ro code  0x00004cca   0x1b4  DblAddSub.o [4]
  .text               ro code  0x00004e7e    0x32  DblCmpGe.o [4]
  .text               ro code  0x00004eb0    0x4e  DblToI32.o [4]
  .text               ro code  0x00004efe     0x2  startup_SKEAZ1284.o [1]
  .text               ro code  0x00004f00    0x30  I32ToDbl.o [4]
  .text               ro code  0x00004f30   0x174  xquad.o [4]
  .text               ro code  0x000050a4    0x10  errno.o [3]
  .text               ro code  0x000050b4    0x8c  xdint.o [4]
  .text               ro code  0x00005140    0x24  DblCmpEq.o [4]
  .text               ro code  0x00005164    0xc6  fmod.o [4]
  .text               ro code  0x0000522a     0x2  xtls.o [3]
  .text               ro code  0x0000522c     0xc  iarEdom.o [5]
  .text               ro code  0x00005238   0x57c  Boma_zs.o [1]
  .text               ro code  0x000057b4   0x3c4  KEA128_i2c.o [1]
  .text               ro code  0x00005b78   0x26c  main.o [1]
  .text               ro code  0x00005de4   0x154  KEA128_uart.o [1]
  .text               ro code  0x00005f38    0xb8  L3G4200.o [1]
  .text               ro code  0x00005ff0    0x72  QT.o [1]
  .text               ro code  0x00006062     0x2  startup_SKEAZ1284.o [1]
  .text               ro code  0x00006064    0xd0  pit.o [1]
  .text               ro code  0x00006134   0x18c  L3G4200D_ZS.o [1]
  .text               ro code  0x000062c0   0x1a0  Speed_Control.o [1]
  .text               ro code  0x00006460   0x1d4  Motor_Control.o [1]
  .text               ro code  0x00006634    0x80  XS_ZS.o [1]
  .rodata             const    0x000066b4   0x228  oled.o [1]
  .rodata             const    0x000068dc    0x80  KEA128_i2c.o [1]
  .text               ro code  0x0000695c    0x74  system_SKEAZ1284.o [1]
  .text               ro code  0x000069d0    0x30  copy_init3.o [5]
  .text               ro code  0x00006a00    0x28  data_init.o [5]
  .rodata             const    0x00006a28    0x24  oled.o [1]
  .rodata             const    0x00006a4c    0x24  spi.o [1]
  .iar.init_table     const    0x00006a70    0x24  - Linker created -
  .text               ro code  0x00006a94    0x1a  cmain.o [5]
  .text               ro code  0x00006aae     0x4  low_level_init.o [3]
  .text               ro code  0x00006ab2     0x8  exit.o [3]
  .text               ro code  0x00006aba     0x2  startup_SKEAZ1284.o [1]
  .text               ro code  0x00006abc     0xa  cexit.o [5]
  .text               ro code  0x00006ac6     0x2  startup_SKEAZ1284.o [1]
  .text               ro code  0x00006ac8    0x14  exit.o [6]
  .rodata             const    0x00006adc    0x18  common.o [1]
  .text               ro code  0x00006af4    0x10  startup_SKEAZ1284.o [1]
  .rodata             const    0x00006b04     0xc  ftm.o [1]
  .rodata             const    0x00006b10     0xc  KEA128_gpio.o [1]
  .text               ro code  0x00006b1c     0xc  cstartup_M.o [5]
  .rodata             const    0x00006b28     0x8  oled_zs.o [1]
  .rodata             const    0x00006b30     0x8  oled_zs.o [1]
  .rodata             const    0x00006b38     0x8  oled_zs.o [1]
  .rodata             const    0x00006b40     0x8  oled_zs.o [1]
  .rodata             const    0x00006b48     0x8  oled_zs.o [1]
  .rodata             const    0x00006b50     0x8  oled_zs.o [1]
  .rodata             const    0x00006b58     0x8  oled_zs.o [1]
  .rodata             const    0x00006b60     0x8  oled_zs.o [1]
  .rodata             const    0x00006b68     0x8  oled_zs.o [1]
  .rodata             const    0x00006b70     0x8  oled_zs.o [1]
  .rodata             const    0x00006b78     0x8  oled_zs.o [1]
  .rodata             const    0x00006b80     0x8  oled_zs.o [1]
  .rodata             const    0x00006b88     0x8  oled_zs.o [1]
  .rodata             const    0x00006b90     0x8  oled_zs.o [1]
  .rodata             const    0x00006b98     0x8  oled_zs.o [1]
  .rodata             const    0x00006ba0     0x8  spi.o [1]
  .text               ro code  0x00006ba8     0x2  startup_SKEAZ1284.o [1]
  .text               ro code  0x00006baa     0x2  startup_SKEAZ1284.o [1]
  .text               ro code  0x00006bac     0x2  startup_SKEAZ1284.o [1]
  .text               ro code  0x00006bae     0x2  startup_SKEAZ1284.o [1]
  .text               ro code  0x00006bb0     0x2  startup_SKEAZ1284.o [1]
  .text               ro code  0x00006bb2     0x2  startup_SKEAZ1284.o [1]
  .text               ro code  0x00006bb4     0x2  startup_SKEAZ1284.o [1]
  .text               ro code  0x00006bb6     0x2  startup_SKEAZ1284.o [1]
  .text               ro code  0x00006bb8     0x2  startup_SKEAZ1284.o [1]
  .text               ro code  0x00006bba     0x2  startup_SKEAZ1284.o [1]
  .text               ro code  0x00006bbc     0x2  startup_SKEAZ1284.o [1]
  .text               ro code  0x00006bbe     0x2  startup_SKEAZ1284.o [1]
  .text               ro code  0x00006bc0     0x2  startup_SKEAZ1284.o [1]
  .text               ro code  0x00006bc2     0x2  startup_SKEAZ1284.o [1]
  .text               ro code  0x00006bc4     0x2  startup_SKEAZ1284.o [1]
  .text               ro code  0x00006bc6     0x2  startup_SKEAZ1284.o [1]
  .text               ro code  0x00006bc8     0x2  startup_SKEAZ1284.o [1]
  .text               ro code  0x00006bca     0x2  startup_SKEAZ1284.o [1]
  .text               ro code  0x00006bcc     0x2  startup_SKEAZ1284.o [1]
  .text               ro code  0x00006bce     0x2  startup_SKEAZ1284.o [1]
  .text               ro code  0x00006bd0     0x2  startup_SKEAZ1284.o [1]
  .text               ro code  0x00006bd2     0x2  startup_SKEAZ1284.o [1]
  .text               ro code  0x00006bd4     0x2  startup_SKEAZ1284.o [1]
  .text               ro code  0x00006bd6     0x2  startup_SKEAZ1284.o [1]
  .text               ro code  0x00006bd8     0x2  startup_SKEAZ1284.o [1]
                             - 0x00006bda  0x67ca

"P3":                                       0x5b0
  P3 s0                        0x1ffff000    0xf4  <Init block>
    .data             inited   0x1ffff000    0x14  SDSB_ZS.o [1]
    .data             inited   0x1ffff014    0x14  SDSB_ZS.o [1]
    .data             inited   0x1ffff028    0x10  SDSB_ZS.o [1]
    .data             inited   0x1ffff038     0xc  KEA128_uart.o [1]
    .data             inited   0x1ffff044     0x4  Direction_Control.o [1]
    .data             inited   0x1ffff048     0x8  Direction_Control.o [1]
    .data             inited   0x1ffff050     0x8  KEA128_i2c.o [1]
    .data             inited   0x1ffff058     0x8  oled.o [1]
    .data             inited   0x1ffff060     0x8  spi.o [1]
    .data             inited   0x1ffff068     0x4  Direction_Control.o [1]
    .data             inited   0x1ffff06c     0x4  Direction_Control.o [1]
    .data             inited   0x1ffff070     0x4  Direction_Control.o [1]
    .data             inited   0x1ffff074     0x4  Direction_Control.o [1]
    .data             inited   0x1ffff078     0x4  Direction_Control.o [1]
    .data             inited   0x1ffff07c     0x4  Direction_Control.o [1]
    .data             inited   0x1ffff080     0x4  Direction_Control.o [1]
    .data             inited   0x1ffff084     0x4  Direction_Control.o [1]
    .data             inited   0x1ffff088     0x4  Direction_Control.o [1]
    .data             inited   0x1ffff08c     0x4  Direction_Control.o [1]
    .data             inited   0x1ffff090     0x4  Direction_Control.o [1]
    .data             inited   0x1ffff094     0x4  Direction_Control.o [1]
    .data             inited   0x1ffff098     0x4  Direction_Control.o [1]
    .data             inited   0x1ffff09c     0x4  L3G4200D_ZS.o [1]
    .data             inited   0x1ffff0a0     0x4  L3G4200D_ZS.o [1]
    .data             inited   0x1ffff0a4     0x4  L3G4200D_ZS.o [1]
    .data             inited   0x1ffff0a8     0x4  Motor_Control.o [1]
    .data             inited   0x1ffff0ac     0x4  Motor_Control.o [1]
    .data             inited   0x1ffff0b0     0x4  Motor_Control.o [1]
    .data             inited   0x1ffff0b4     0x4  Motor_Control.o [1]
    .data             inited   0x1ffff0b8     0x4  SDSB_ZS.o [1]
    .data             inited   0x1ffff0bc     0x4  SDSB_ZS.o [1]
    .data             inited   0x1ffff0c0     0x4  SDSB_ZS.o [1]
    .data             inited   0x1ffff0c4     0x4  SDSB_ZS.o [1]
    .data             inited   0x1ffff0c8     0x4  SDSB_ZS.o [1]
    .data             inited   0x1ffff0cc     0x4  SDSB_ZS.o [1]
    .data             inited   0x1ffff0d0     0x4  SDSB_ZS.o [1]
    .data             inited   0x1ffff0d4     0x4  SDSB_ZS.o [1]
    .data             inited   0x1ffff0d8     0x4  SDSB_ZS.o [1]
    .data             inited   0x1ffff0dc     0x4  SDSB_ZS.o [1]
    .data             inited   0x1ffff0e0     0x4  SDSB_ZS.o [1]
    .data             inited   0x1ffff0e4     0x4  SDSB_ZS.o [1]
    __DLIB_PERTHREAD  inited   0x1ffff0e8     0x4  errno.o [3]
    .data             inited   0x1ffff0ec     0x2  SDSB_ZS.o [1]
    .data             inited   0x1ffff0ee     0x2  SDSB_ZS.o [1]
    .data             inited   0x1ffff0f0     0x1  main.o [1]
    .data             inited   0x1ffff0f1     0x1  SDSB_ZS.o [1]
  .bss                zero     0x1ffff0f4    0xc8  SDSB_ZS.o [1]
  .bss                zero     0x1ffff1bc    0x50  SDSB_ZS.o [1]
  .bss                zero     0x1ffff20c    0x3c  SDSB_ZS.o [1]
  .bss                zero     0x1ffff248    0x34  SDSB_ZS.o [1]
  .bss                zero     0x1ffff27c    0x14  SDSB_ZS.o [1]
  .bss                zero     0x1ffff290    0x14  SDSB_ZS.o [1]
  .bss                zero     0x1ffff2a4    0x14  SDSB_ZS.o [1]
  .bss                zero     0x1ffff2b8    0x14  SDSB_ZS.o [1]
  .bss                zero     0x1ffff2cc     0x4  Boma_zs.o [1]
  .bss                zero     0x1ffff2d0     0x4  Boma_zs.o [1]
  .bss                zero     0x1ffff2d4     0x4  Boma_zs.o [1]
  .bss                zero     0x1ffff2d8     0x4  common.o [1]
  .bss                zero     0x1ffff2dc     0x4  common.o [1]
  .bss                zero     0x1ffff2e0     0x4  common.o [1]
  .bss                zero     0x1ffff2e4     0x4  common.o [1]
  .bss                zero     0x1ffff2e8     0x4  Direction_Control.o [1]
  .bss                zero     0x1ffff2ec     0x4  Direction_Control.o [1]
  .bss                zero     0x1ffff2f0     0x4  Direction_Control.o [1]
  .bss                zero     0x1ffff2f4     0x4  Direction_Control.o [1]
  .bss                zero     0x1ffff2f8     0x4  Direction_Control.o [1]
  .bss                zero     0x1ffff2fc     0x4  Direction_Control.o [1]
  .bss                zero     0x1ffff300     0x4  Direction_Control.o [1]
  .bss                zero     0x1ffff304     0x4  Direction_Control.o [1]
  .bss                zero     0x1ffff308     0x4  Direction_Control.o [1]
  .bss                zero     0x1ffff30c     0x4  Direction_Control.o [1]
  .bss                zero     0x1ffff310     0x4  Direction_Control.o [1]
  .bss                zero     0x1ffff314     0x4  Direction_Control.o [1]
  .bss                zero     0x1ffff318     0x4  Direction_Control.o [1]
  .bss                zero     0x1ffff31c     0x4  Direction_Control.o [1]
  .bss                zero     0x1ffff320     0x4  Direction_Control.o [1]
  .bss                zero     0x1ffff324     0x4  Direction_Control.o [1]
  .bss                zero     0x1ffff328     0x4  Direction_Control.o [1]
  .bss                zero     0x1ffff32c     0x4  Direction_Control.o [1]
  .bss                zero     0x1ffff330     0x4  Direction_Control.o [1]
  .bss                zero     0x1ffff334     0x4  Direction_Control.o [1]
  .bss                zero     0x1ffff338     0x4  Fuzzy_ZS.o [1]
  .bss                zero     0x1ffff33c     0x4  L3G4200D_ZS.o [1]
  .bss                zero     0x1ffff340     0x4  L3G4200D_ZS.o [1]
  .bss                zero     0x1ffff344     0x4  L3G4200D_ZS.o [1]
  .bss                zero     0x1ffff348     0x4  L3G4200D_ZS.o [1]
  .bss                zero     0x1ffff34c     0x4  L3G4200D_ZS.o [1]
  .bss                zero     0x1ffff350     0x4  L3G4200D_ZS.o [1]
  .bss                zero     0x1ffff354     0x4  L3G4200D_ZS.o [1]
  .bss                zero     0x1ffff358     0x4  L3G4200D_ZS.o [1]
  .bss                zero     0x1ffff35c     0x4  L3G4200D_ZS.o [1]
  .bss                zero     0x1ffff360     0x4  main.o [1]
  .bss                zero     0x1ffff364     0x4  main.o [1]
  .bss                zero     0x1ffff368     0x4  main.o [1]
  .bss                zero     0x1ffff36c     0x4  main.o [1]
  .bss                zero     0x1ffff370     0x4  main.o [1]
  .bss                zero     0x1ffff374     0x4  Motor_Control.o [1]
  .bss                zero     0x1ffff378     0x4  Motor_Control.o [1]
  .bss                zero     0x1ffff37c     0x4  oled_zs.o [1]
  .bss                zero     0x1ffff380     0x4  oled_zs.o [1]
  .bss                zero     0x1ffff384     0x4  oled_zs.o [1]
  .bss                zero     0x1ffff388     0x4  oled_zs.o [1]
  .bss                zero     0x1ffff38c     0x4  oled_zs.o [1]
  .bss                zero     0x1ffff390     0x4  oled_zs.o [1]
  .bss                zero     0x1ffff394     0x4  oled_zs.o [1]
  .bss                zero     0x1ffff398     0x4  oled_zs.o [1]
  .bss                zero     0x1ffff39c     0x4  oled_zs.o [1]
  .bss                zero     0x1ffff3a0     0x4  oled_zs.o [1]
  .bss                zero     0x1ffff3a4     0x4  oled_zs.o [1]
  .bss                zero     0x1ffff3a8     0x4  oled_zs.o [1]
  .bss                zero     0x1ffff3ac     0x4  oled_zs.o [1]
  .bss                zero     0x1ffff3b0     0x4  oled_zs.o [1]
  .bss                zero     0x1ffff3b4     0x4  oled_zs.o [1]
  .bss                zero     0x1ffff3b8     0x4  oled_zs.o [1]
  .bss                zero     0x1ffff3bc     0x4  oled_zs.o [1]
  .bss                zero     0x1ffff3c0     0x4  oled_zs.o [1]
  .bss                zero     0x1ffff3c4     0x4  oled_zs.o [1]
  .bss                zero     0x1ffff3c8     0x4  oled_zs.o [1]
  .bss                zero     0x1ffff3cc     0x4  oled_zs.o [1]
  .bss                zero     0x1ffff3d0     0x4  oled_zs.o [1]
  .bss                zero     0x1ffff3d4     0x4  SDSB_ZS.o [1]
  .bss                zero     0x1ffff3d8     0x4  SDSB_ZS.o [1]
  .bss                zero     0x1ffff3dc     0x4  SDSB_ZS.o [1]
  .bss                zero     0x1ffff3e0     0x4  SDSB_ZS.o [1]
  .bss                zero     0x1ffff3e4     0x4  SDSB_ZS.o [1]
  .bss                zero     0x1ffff3e8     0x4  SDSB_ZS.o [1]
  .bss                zero     0x1ffff3ec     0x4  SDSB_ZS.o [1]
  .bss                zero     0x1ffff3f0     0x4  SDSB_ZS.o [1]
  .bss                zero     0x1ffff3f4     0x4  SDSB_ZS.o [1]
  .bss                zero     0x1ffff3f8     0x4  SDSB_ZS.o [1]
  .bss                zero     0x1ffff3fc     0x4  SDSB_ZS.o [1]
  .bss                zero     0x1ffff400     0x4  SDSB_ZS.o [1]
  .bss                zero     0x1ffff404     0x4  SDSB_ZS.o [1]
  .bss                zero     0x1ffff408     0x4  SDSB_ZS.o [1]
  .bss                zero     0x1ffff40c     0x4  SDSB_ZS.o [1]
  .bss                zero     0x1ffff410     0x4  SDSB_ZS.o [1]
  .bss                zero     0x1ffff414     0x4  SDSB_ZS.o [1]
  .bss                zero     0x1ffff418     0x4  SDSB_ZS.o [1]
  .bss                zero     0x1ffff41c     0x4  SDSB_ZS.o [1]
  .bss                zero     0x1ffff420     0x4  SDSB_ZS.o [1]
  .bss                zero     0x1ffff424     0x4  SDSB_ZS.o [1]
  .bss                zero     0x1ffff428     0x4  SDSB_ZS.o [1]
  .bss                zero     0x1ffff42c     0x4  SDSB_ZS.o [1]
  .bss                zero     0x1ffff430     0x4  SDSB_ZS.o [1]
  .bss                zero     0x1ffff434     0x4  SDSB_ZS.o [1]
  .bss                zero     0x1ffff438     0x4  SDSB_ZS.o [1]
  .bss                zero     0x1ffff43c     0x4  SDSB_ZS.o [1]
  .bss                zero     0x1ffff440     0x4  SDSB_ZS.o [1]
  .bss                zero     0x1ffff444     0x4  SDSB_ZS.o [1]
  .bss                zero     0x1ffff448     0x4  SDSB_ZS.o [1]
  .bss                zero     0x1ffff44c     0x4  SDSB_ZS.o [1]
  .bss                zero     0x1ffff450     0x4  SDSB_ZS.o [1]
  .bss                zero     0x1ffff454     0x4  SDSB_ZS.o [1]
  .bss                zero     0x1ffff458     0x4  SDSB_ZS.o [1]
  .bss                zero     0x1ffff45c     0x4  SDSB_ZS.o [1]
  .bss                zero     0x1ffff460     0x4  SDSB_ZS.o [1]
  .bss                zero     0x1ffff464     0x4  Speed_Control.o [1]
  .bss                zero     0x1ffff468     0x4  Speed_Control.o [1]
  .bss                zero     0x1ffff46c     0x4  Speed_Control.o [1]
  .bss                zero     0x1ffff470     0x4  Speed_Control.o [1]
  .bss                zero     0x1ffff474     0x4  Speed_Control.o [1]
  .bss                zero     0x1ffff478     0x4  Speed_Control.o [1]
  .bss                zero     0x1ffff47c     0x4  Speed_Control.o [1]
  .bss                zero     0x1ffff480     0x4  Speed_Control.o [1]
  .bss                zero     0x1ffff484     0x4  Speed_Control.o [1]
  .bss                zero     0x1ffff488     0x4  Speed_Control.o [1]
  .bss                zero     0x1ffff48c     0x4  Speed_Control.o [1]
  .bss                zero     0x1ffff490     0x4  Speed_Control.o [1]
  .bss                zero     0x1ffff494     0x4  Speed_Control.o [1]
  .bss                zero     0x1ffff498     0x2  ftm.o [1]
  .bss                zero     0x1ffff49a     0x2  L3G4200.o [1]
  .bss                zero     0x1ffff49c     0x2  L3G4200.o [1]
  .bss                zero     0x1ffff49e     0x2  L3G4200.o [1]
  .bss                zero     0x1ffff4a0     0x2  main.o [1]
  .bss                zero     0x1ffff4a2     0x1  Boma_zs.o [1]
  .bss                zero     0x1ffff4a3     0x1  key.o [1]
  .bss                zero     0x1ffff4a4     0x1  key.o [1]
  .bss                zero     0x1ffff4a5     0x1  L3G4200.o [1]
  .bss                zero     0x1ffff4a6     0x1  L3G4200.o [1]
  .bss                zero     0x1ffff4a7     0x1  main.o [1]
  .bss                zero     0x1ffff4a8     0x1  Speed_Control.o [1]
  CSTACK                       0x1ffff4b0   0x100  <Block>
    CSTACK            uninit   0x1ffff4b0   0x100  <Block tail>
                             - 0x1ffff5b0   0x5b0


*******************************************************************************
*** INIT TABLE
***

          Address     Size
          -------     ----
Zero (__iar_zero_init3)
    1 destination range, total size 0x3b5:
          0x1ffff0f4  0x3b5

Copy (__iar_copy_init3)
    1 source range, total size 0xf8 (102% of destination):
          0x000000d0   0xf8
    1 destination range, total size 0xf2:
          0x1ffff000   0xf2



*******************************************************************************
*** MODULE SUMMARY
***

    Module               ro code  ro data  rw data
    ------               -------  -------  -------
H:\智能车程序2018\三轮比赛\7.29-sc\iar\KEA_128_FLASH\Obj: [1]
    Boma_zs.o              1 404                13
    Direction_Control.o    2 036       64      144
    Fuzzy_ZS.o                                   4
    KEA128_gpio.o            488       12
    KEA128_i2c.o             964      136        8
    KEA128_port.o             92
    KEA128_systick.o          84
    KEA128_uart.o            340       12       12
    L3G4200.o                184                 8
    L3G4200D_ZS.o            396       12       48
    Motor_Control.o          468       16       24
    QT.o                     114
    SDSB_ZS.o              3 164      109      725
    Speed_Control.o          416                53
    XS_ZS.o                  128
    adc.o                    348
    common.o                 196       24       16
    ftm.o                  1 048       12        2
    inductor_1.o             784
    key.o                    402                 2
    main.o                   620        1       24
    oled.o                 1 020      596        8
    oled_zs.o              5 904      120       88
    pit.o                    208
    spi.o                    340       52        8
    startup_SKEAZ1284.o      296
    system_SKEAZ1284.o       116
    ----------------------------------------------
    Total:                21 560    1 166    1 187

command line: [2]
    ----------------------------------------------
    Total:

dl6M_tlf.a: [3]
    abs.o                      8
    errno.o                   16        4        4
    exit.o                     8
    low_level_init.o           4
    xtls.o                     2
    ----------------------------------------------
    Total:                    38        4        4

m6M_tl.a: [4]
    DblAddSub.o              436
    DblCmpEq.o                36
    DblCmpGe.o                50
    DblCmpLe.o                50
    DblDiv.o                 194
    DblMul.o                 388
    DblToFlt.o                98
    DblToI32.o                78
    FltAddSub.o              288
    FltCmpEq.o                32
    FltCmpGe.o                40
    FltCmpLe.o                38
    FltDiv.o                 170
    FltMul.o                 176
    FltToDbl.o                50
    FltToS32.o                58
    FltToU32.o                38
    I32ToDbl.o                48
    I32ToFlt.o                54
    fmod.o                   198
    tan.o                    696
    xdint.o                  140
    xquad.o                  372
    ----------------------------------------------
    Total:                 3 728

rt6M_tl.a: [5]
    ABImemcpy.o               52
    I32DivModFast.o          224
    IntDivZer.o                2
    cexit.o                   10
    cmain.o                   26
    copy_init3.o              48
    cstartup_M.o              12
    data_init.o               40
    iarEdom.o                 12
    zero_init3.o              42
    ----------------------------------------------
    Total:                   468

shb_l.a: [6]
    exit.o                    20
    ----------------------------------------------
    Total:                    20

    Linker created                     42      256
--------------------------------------------------
    Grand Total:          25 814    1 212    1 447


*******************************************************************************
*** ENTRY LIST
***

Entry                      Address   Size  Type      Object
-----                      -------   ----  ----      ------
.iar.init_table$$Base   0x00006a70          --   Gb  - Linker created -
.iar.init_table$$Limit  0x00006a94          --   Gb  - Linker created -
?main                   0x00006a95         Code  Gb  cmain.o [5]
ADC_Able                0x00003ad3   0x20  Code  Gb  adc.o [1]
ADC_Init                0x00003aad   0x26  Code  Gb  adc.o [1]
ADC_Once                0x00003af3   0x4a  Code  Gb  adc.o [1]
AD_0_max                0x1ffff3f0    0x4  Data  Gb  SDSB_ZS.o [1]
AD_2_max                0x1ffff3f4    0x4  Data  Gb  SDSB_ZS.o [1]
AD_V                    0x1ffff20c   0x3c  Data  Gb  SDSB_ZS.o [1]
AD_hall                 0x1ffff450    0x4  Data  Gb  SDSB_ZS.o [1]
AD_inductor             0x1ffff290   0x14  Data  Gb  SDSB_ZS.o [1]
AD_inductor_Huan        0x1ffff3e0    0x4  Data  Gb  SDSB_ZS.o [1]
AD_inductor_Shuzhi_Max  0x1ffff0d8    0x4  Data  Gb  SDSB_ZS.o [1]
AD_inductor_Shuzhi_Min  0x1ffff0dc    0x4  Data  Gb  SDSB_ZS.o [1]
AD_sum                  0x1ffff2b8   0x14  Data  Gb  SDSB_ZS.o [1]
AD_valu                 0x1ffff27c   0x14  Data  Gb  SDSB_ZS.o [1]
Angle_D_Temp            0x1ffff320    0x4  Data  Gb  Direction_Control.o [1]
Angle_P                 0x1ffff088    0x4  Data  Gb  Direction_Control.o [1]
Angle_P_Change          0x1ffff318    0x4  Data  Gb  Direction_Control.o [1]
Angle_P_Change_old      0x1ffff394    0x4  Data  Gb  oled_zs.o [1]
Angle_P_Temp            0x1ffff30c    0x4  Data  Gb  Direction_Control.o [1]
Angle_P_old             0x1ffff38c    0x4  Data  Gb  oled_zs.o [1]
B                       0x1ffff044    0x4  Data  Gb  Direction_Control.o [1]
BB_H                    0x1ffff334    0x4  Data  Gb  Direction_Control.o [1]
BB_H_old                0x1ffff3a0    0x4  Data  Gb  oled_zs.o [1]
BB_P_F                  0x1ffff098    0x4  Data  Gb  Direction_Control.o [1]
BB_P_F_old              0x1ffff3a8    0x4  Data  Gb  oled_zs.o [1]
BB_P_W                  0x1ffff094    0x4  Data  Gb  Direction_Control.o [1]
BB_P_Z                  0x1ffff090    0x4  Data  Gb  Direction_Control.o [1]
BB_P_Z_old              0x1ffff3a4    0x4  Data  Gb  oled_zs.o [1]
BB_W                    0x1ffff330    0x4  Data  Gb  Direction_Control.o [1]
BB_W_old                0x1ffff39c    0x4  Data  Gb  oled_zs.o [1]
BB_Z                    0x1ffff32c    0x4  Data  Gb  Direction_Control.o [1]
BB_Z_old                0x1ffff398    0x4  Data  Gb  oled_zs.o [1]
BO_Scan                 0x00005239   0x4a  Code  Gb  Boma_zs.o [1]
BangBang                0x00004411  0x1d2  Code  Gb  Direction_Control.o [1]
Boma_Change             0x1ffff2d4    0x4  Data  Gb  Boma_zs.o [1]
Boma_Gear_ZS            0x00005285  0x4a4  Code  Gb  Boma_zs.o [1]
Boma_num                0x1ffff2cc    0x4  Data  Gb  Boma_zs.o [1]
Boma_num_old            0x1ffff2d0    0x4  Data  Gb  Boma_zs.o [1]
CSTACK$$Base            0x1ffff4b0          --   Gb  - Linker created -
CSTACK$$Limit           0x1ffff5b0          --   Gb  - Linker created -
Change                  0x000039f9   0xb4  Code  Gb  adc.o [1]
Chasu_Bili              0x1ffff06c    0x4  Data  Gb  Direction_Control.o [1]
Chazhi                  0x1ffff3d8    0x4  Data  Gb  SDSB_ZS.o [1]
Chazhi_Change           0x1ffff070    0x4  Data  Gb  Direction_Control.o [1]
Chazhi_Change2          0x1ffff074    0x4  Data  Gb  Direction_Control.o [1]
Chazhi_Chucun           0x1ffff1bc   0x50  Data  Gb  SDSB_ZS.o [1]
Chazhi_Last             0x1ffff3dc    0x4  Data  Gb  SDSB_ZS.o [1]
Chazhi_Max_New          0x1ffff0bc    0x4  Data  Gb  SDSB_ZS.o [1]
Chazhi_Old              0x1ffff3d4    0x4  Data  Gb  SDSB_ZS.o [1]
Chazhi_Rate             0x1ffff338    0x4  Data  Gb  Fuzzy_ZS.o [1]
Circle_Chazhi           0x1ffff0e4    0x4  Data  Gb  SDSB_ZS.o [1]
Circle_Chazhi_old       0x1ffff3cc    0x4  Data  Gb  oled_zs.o [1]
Circle_Count            0x1ffff42c    0x4  Data  Gb  SDSB_ZS.o [1]
Circle_Count2           0x1ffff430    0x4  Data  Gb  SDSB_ZS.o [1]
Circle_Count6           0x1ffff434    0x4  Data  Gb  SDSB_ZS.o [1]
Circle_Count6_Max       0x1ffff0c4    0x4  Data  Gb  SDSB_ZS.o [1]
Circle_Count6_Max_old   0x1ffff3b8    0x4  Data  Gb  oled_zs.o [1]
Circle_Count_Max        0x1ffff0c0    0x4  Data  Gb  SDSB_ZS.o [1]
Circle_Count_Out_Flag   0x1ffff438    0x4  Data  Gb  SDSB_ZS.o [1]
Circle_Error_Flag       0x1ffff444    0x4  Data  Gb  SDSB_ZS.o [1]
Circle_Finish_Count_Max
                        0x1ffff0e0    0x4  Data  Gb  SDSB_ZS.o [1]
Circle_Finish_Count_Max_old
                        0x1ffff3c8    0x4  Data  Gb  oled_zs.o [1]
Circle_Flag             0x1ffff41c    0x4  Data  Gb  SDSB_ZS.o [1]
Circle_Inductor_LR1     0x1ffff0d4    0x4  Data  Gb  SDSB_ZS.o [1]
Circle_Inductor_LR1_old
                        0x1ffff3d0    0x4  Data  Gb  oled_zs.o [1]
Circle_Inductor_M1      0x1ffff0c8    0x4  Data  Gb  SDSB_ZS.o [1]
Circle_Inductor_M1_old  0x1ffff3bc    0x4  Data  Gb  oled_zs.o [1]
Circle_Inductor_M2      0x1ffff0cc    0x4  Data  Gb  SDSB_ZS.o [1]
Circle_Inductor_M2_old  0x1ffff3c0    0x4  Data  Gb  oled_zs.o [1]
Circle_Inductor_M3      0x1ffff0d0    0x4  Data  Gb  SDSB_ZS.o [1]
Circle_Inductor_M3_old  0x1ffff3c4    0x4  Data  Gb  oled_zs.o [1]
Circle_L_Count          0x1ffff43c    0x4  Data  Gb  SDSB_ZS.o [1]
Circle_L_Finish_Count   0x1ffff448    0x4  Data  Gb  SDSB_ZS.o [1]
Circle_L_Flag           0x1ffff420    0x4  Data  Gb  SDSB_ZS.o [1]
Circle_R_Count          0x1ffff440    0x4  Data  Gb  SDSB_ZS.o [1]
Circle_R_Finish_Count   0x1ffff44c    0x4  Data  Gb  SDSB_ZS.o [1]
Circle_R_Flag           0x1ffff424    0x4  Data  Gb  SDSB_ZS.o [1]
Circle_Turn_Old_Flag    0x1ffff428    0x4  Data  Gb  SDSB_ZS.o [1]
Control_Output_L        0x1ffff300    0x4  Data  Gb  Direction_Control.o [1]
Control_Output_R        0x1ffff304    0x4  Data  Gb  Direction_Control.o [1]
Controler               0x000045ed   0x98  Code  Gb  Direction_Control.o [1]
DEAD_L                  0x1ffff0b0    0x4  Data  Gb  Motor_Control.o [1]
DEAD_R                  0x1ffff0b4    0x4  Data  Gb  Motor_Control.o [1]
Data_Old                0x0000171f   0x32  Code  Gb  oled_zs.o [1]
Data_Old2               0x00001771   0x88  Code  Gb  oled_zs.o [1]
Direction_ChaSpeed_Control
                        0x000041c1  0x1f4  Code  Gb  Direction_Control.o [1]
Direction_Control_Output_L
                        0x1ffff2f8    0x4  Data  Gb  Direction_Control.o [1]
Direction_Control_Output_R
                        0x1ffff2fc    0x4  Data  Gb  Direction_Control.o [1]
Direction_Controler     0x00003f11  0x248  Code  Gb  Direction_Control.o [1]
Direction_D             0x1ffff31c    0x4  Data  Gb  Direction_Control.o [1]
Direction_D2            0x1ffff084    0x4  Data  Gb  Direction_Control.o [1]
Direction_D2_old        0x1ffff388    0x4  Data  Gb  oled_zs.o [1]
Direction_P             0x1ffff07c    0x4  Data  Gb  Direction_Control.o [1]
Direction_P2            0x1ffff080    0x4  Data  Gb  Direction_Control.o [1]
Direction_P2_Change     0x1ffff314    0x4  Data  Gb  Direction_Control.o [1]
Direction_P2_Change_old
                        0x1ffff390    0x4  Data  Gb  oled_zs.o [1]
Direction_P2_Temp       0x1ffff308    0x4  Data  Gb  Direction_Control.o [1]
Direction_P2_old        0x1ffff384    0x4  Data  Gb  oled_zs.o [1]
Direction_P_Temp        0x1ffff310    0x4  Data  Gb  Direction_Control.o [1]
Direction_P_old         0x1ffff3b4    0x4  Data  Gb  oled_zs.o [1]
F6x8                    0x000066b4  0x228  Data  Gb  oled.o [1]
FTMX                    0x00006b04    0xc  Data  Lc  ftm.o [1]
FTM_CountClean          0x00002859   0x10  Code  Gb  ftm.o [1]
FTM_PwmDuty             0x000026d9   0x6a  Code  Gb  ftm.o [1]
FTM_PwmInit             0x00002597  0x142  Code  Gb  ftm.o [1]
FTM_PwmMux              0x00002475  0x122  Code  Gb  ftm.o [1]
FTM_SpeedGet            0x00002845   0x10  Code  Gb  ftm.o [1]
FTM_SpeedInit           0x000027f5   0x50  Code  Gb  ftm.o [1]
FTM_SpeedMux            0x00002759   0x9c  Code  Gb  ftm.o [1]
Flag                    0x1ffff4a2    0x1  Data  Gb  Boma_zs.o [1]
GPIOX                   0x00006b10    0xc  Data  Lc  KEA128_gpio.o [1]
Get_CarSpeed            0x000062c1  0x164  Code  Gb  Speed_Control.o [1]
GpioGet                 0x00002399   0x38  Code  Gb  KEA128_gpio.o [1]
GpioInit                0x0000228d  0x10c  Code  Gb  KEA128_gpio.o [1]
GpioSet                 0x000023d1   0x58  Code  Gb  KEA128_gpio.o [1]
GpioTurn                0x00002429   0x44  Code  Gb  KEA128_gpio.o [1]
Gyro_ZS                 0x00006135  0x18c  Code  Gb  L3G4200D_ZS.o [1]
Hall                    0x00002d9d   0x80  Code  Gb  SDSB_ZS.o [1]
I2CN                    0x1ffff050    0x8  Data  Gb  KEA128_i2c.o [1]
Inductor_Check          0x000037f1  0x1f2  Code  Gb  SDSB_ZS.o [1]
Inductor_analyse        0x00003165  0x55e  Code  Gb  SDSB_ZS.o [1]
IoInit                  0x00005ff1   0x72  Code  Gb  QT.o [1]
KEY_Init                0x00001b21   0x66  Code  Gb  key.o [1]
KEY_Scan                0x00001b87  0x12c  Code  Gb  key.o [1]
KEY_menuChange          0x1ffff4a3    0x1  Data  Gb  key.o [1]
KEY_sta                 0x1ffff4a4    0x1  Data  Gb  key.o [1]
L                       0x1ffff068    0x4  Data  Gb  Direction_Control.o [1]
L3G4200_Init            0x00005f39   0x56  Code  Gb  L3G4200.o [1]
L3G4200_Read            0x00005f8f   0x4c  Code  Gb  L3G4200.o [1]
Motor_Max               0x1ffff0a8    0x4  Data  Gb  Motor_Control.o [1]
Motor_Min               0x1ffff0ac    0x4  Data  Gb  Motor_Control.o [1]
Motor_Out_L             0x1ffff374    0x4  Data  Gb  Motor_Control.o [1]
Motor_Out_R             0x1ffff378    0x4  Data  Gb  Motor_Control.o [1]
Motor_control           0x00006461  0x1d4  Code  Gb  Motor_Control.o [1]
NVIC_EnableIRQ          0x00006065    0xe  Code  Lc  pit.o [1]
OLED_Biaoge_Par_ZS      0x00000cd9  0x1cc  Code  Gb  oled_zs.o [1]
OLED_Biaoge_ZS          0x00000b3d  0x144  Code  Gb  oled_zs.o [1]
OLED_Clear              0x00001e49   0x3c  Code  Gb  oled.o [1]
OLED_DisplayFloat       0x000020e3   0xfc  Code  Gb  oled.o [1]
OLED_DisplaytinyStr     0x00001f9d   0x56  Code  Gb  oled.o [1]
OLED_HEXACSII           0x00002001   0x3c  Code  Gb  oled.o [1]
OLED_Inductor_Dynamic   0x00006635   0x72  Code  Gb  XS_ZS.o [1]
OLED_Init               0x00001eaf   0xee  Code  Gb  oled.o [1]
OLED_Int16              0x000020ad   0x36  Code  Gb  oled.o [1]
OLED_Key_Par_ZS         0x000006dd  0x44c  Code  Gb  oled_zs.o [1]
OLED_Key_ZS             0x00000411  0x27a  Code  Gb  oled_zs.o [1]
OLED_SPI                0x1ffff058    0x8  Data  Gb  oled.o [1]
OLED_Select_Par_ZS      0x00001165  0x400  Code  Gb  oled_zs.o [1]
OLED_Select_ZS          0x00000f05  0x236  Code  Gb  oled_zs.o [1]
OLED_Set_Pos            0x00001e85   0x2a  Code  Gb  oled.o [1]
OLED_Uint16             0x0000203d   0x70  Code  Gb  oled.o [1]
OLED_WrCmd              0x00001dfd   0x26  Code  Gb  oled.o [1]
OLED_WrDat              0x00001e23   0x26  Code  Gb  oled.o [1]
Oled_Data_Par_ZS        0x00001609  0x116  Code  Gb  oled_zs.o [1]
Oled_Data_ZS            0x00001565   0xa4  Code  Gb  oled_zs.o [1]
Oled_Data_ZS_All        0x00001825   0xbc  Code  Gb  oled_zs.o [1]
Oled_Data_ZS_All2       0x00001955  0x15e  Code  Gb  oled_zs.o [1]
PIT_CH0_IRQHandler      0x00005bd9  0x1d2  Code  Gb  main.o [1]
PIT_EnableIrq           0x000060f5   0x22  Code  Gb  pit.o [1]
PIT_Init                0x00006073   0x82  Code  Gb  pit.o [1]
PIT_times               0x1ffff4a0    0x2  Data  Gb  main.o [1]
Position_transit        0x1ffff028   0x10  Data  Gb  SDSB_ZS.o [1]
Read_ADC                0x00003b55  0x2de  Code  Gb  inductor_1.o [1]
RefAd                   0x1ffff0b8    0x4  Data  Gb  SDSB_ZS.o [1]
Region$$Table$$Base     0x00006a70          --   Gb  - Linker created -
Region$$Table$$Limit    0x00006a94          --   Gb  - Linker created -
Road_Remember           0x1ffff0f4   0xc8  Data  Gb  SDSB_ZS.o [1]
SPIN                    0x1ffff060    0x8  Data  Gb  spi.o [1]
Slope_AD_1              0x1ffff3e8    0x4  Data  Gb  SDSB_ZS.o [1]
Speed_Error_L           0x1ffff47c    0x4  Data  Gb  Speed_Control.o [1]
Speed_Error_R           0x1ffff480    0x4  Data  Gb  Speed_Control.o [1]
Speed_I_lntegral_L      0x1ffff2f0    0x4  Data  Gb  Direction_Control.o [1]
Speed_I_lntegral_R      0x1ffff2f4    0x4  Data  Gb  Direction_Control.o [1]
Speed_PWM               0x1ffff328    0x4  Data  Gb  Direction_Control.o [1]
Start                   0x00006971   0x3c  Code  Gb  system_SKEAZ1284.o [1]
Stop_Flag               0x1ffff45c    0x4  Data  Gb  SDSB_ZS.o [1]
Stop_OK                 0x1ffff458    0x4  Data  Gb  SDSB_ZS.o [1]
Stop_Plan_Flag          0x1ffff454    0x4  Data  Gb  SDSB_ZS.o [1]
Stop_ms                 0x1ffff460    0x4  Data  Gb  SDSB_ZS.o [1]
StraightRoad            0x1ffff3f8    0x4  Data  Gb  SDSB_ZS.o [1]
StraightRoad_Flag       0x1ffff40c    0x4  Data  Gb  SDSB_ZS.o [1]
StraightRoad_Old        0x1ffff3fc    0x4  Data  Gb  SDSB_ZS.o [1]
SystickDelay            0x0000288d   0x26  Code  Gb  KEA128_systick.o [1]
SystickDelayMs          0x000028b3   0x1c  Code  Gb  KEA128_systick.o [1]
Test_Huandao            0x00002e35  0x2bc  Code  Gb  SDSB_ZS.o [1]
Test_RoadInfo           0x000036f5   0xc0  Code  Gb  SDSB_ZS.o [1]
UART_Init               0x00005e4d   0xd2  Code  Gb  KEA128_uart.o [1]
WindingRoad             0x1ffff408    0x4  Data  Gb  SDSB_ZS.o [1]
WindingRoad_Flag        0x1ffff418    0x4  Data  Gb  SDSB_ZS.o [1]
WindingRoad_Left        0x1ffff400    0x4  Data  Gb  SDSB_ZS.o [1]
WindingRoad_Left_Flag   0x1ffff410    0x4  Data  Gb  SDSB_ZS.o [1]
WindingRoad_Right       0x1ffff404    0x4  Data  Gb  SDSB_ZS.o [1]
WindingRoad_Right_Flag  0x1ffff414    0x4  Data  Gb  SDSB_ZS.o [1]
__Vectors               0x00000000          --   Gb  startup_SKEAZ1284.o [1]
__Vectors_End           0x000000c0         Data  Gb  startup_SKEAZ1284.o [1]
__Vectors_Size {Abs}    0x000000c0          --   Gb  startup_SKEAZ1284.o [1]
__aeabi_cdcmpeq         0x00005141         Code  Gb  DblCmpEq.o [4]
__aeabi_cdcmple         0x00004737         Code  Gb  DblCmpLe.o [4]
__aeabi_cdrcmple        0x00004e7f         Code  Gb  DblCmpGe.o [4]
__aeabi_cfcmpeq         0x00002231         Code  Gb  FltCmpEq.o [4]
__aeabi_cfcmple         0x00002b15         Code  Gb  FltCmpLe.o [4]
__aeabi_cfrcmple        0x00002b65         Code  Gb  FltCmpGe.o [4]
__aeabi_d2f             0x00004769         Code  Gb  DblToFlt.o [4]
__aeabi_d2iz            0x00004eb1         Code  Gb  DblToI32.o [4]
__aeabi_dadd            0x00004ccb         Code  Gb  DblAddSub.o [4]
__aeabi_ddiv            0x00004c09         Code  Gb  DblDiv.o [4]
__aeabi_dmul            0x000047cb         Code  Gb  DblMul.o [4]
__aeabi_dsub            0x00004d91         Code  Gb  DblAddSub.o [4]
__aeabi_errno_addr      0x000050a5    0xa  Code  Gb  errno.o [3]
__aeabi_f2d             0x00004705         Code  Gb  FltToDbl.o [4]
__aeabi_f2iz            0x00002251         Code  Gb  FltToS32.o [4]
__aeabi_f2uiz           0x00002b3d         Code  Gb  FltToU32.o [4]
__aeabi_fadd            0x00001cb3         Code  Gb  FltAddSub.o [4]
__aeabi_fdiv            0x00003e65         Code  Gb  FltDiv.o [4]
__aeabi_fmul            0x00002b8d         Code  Gb  FltMul.o [4]
__aeabi_fsub            0x00001d23         Code  Gb  FltAddSub.o [4]
__aeabi_i2d             0x00004f01         Code  Gb  I32ToDbl.o [4]
__aeabi_i2f             0x000021f9         Code  Gb  I32ToFlt.o [4]
__aeabi_idiv            0x00002a61         Code  Gb  I32DivModFast.o [5]
__aeabi_idiv0           0x00002d99         Code  Gb  IntDivZer.o [5]
__aeabi_idivmod         0x00002a61         Code  Gb  I32DivModFast.o [5]
__aeabi_memcpy4         0x00002d5d         Code  Wk  ABImemcpy.o [5]
__aeabi_ui2f            0x00002211         Code  Gb  I32ToFlt.o [4]
__aeabi_uidiv           0x00002a67         Code  Gb  I32DivModFast.o [5]
__aeabi_uidivmod        0x00002a67         Code  Gb  I32DivModFast.o [5]
__cmain                 0x00006a95         Code  Gb  cmain.o [5]
__exit                  0x00006ac9   0x14  Code  Gb  exit.o [6]
__iar_Dint              0x000050b5   0x8c  Code  Gb  xdint.o [4]
__iar_Errno             0x1ffff0e8    0x4  Data  Gb  errno.o [3]
__iar_Quad              0x00004f31  0x174  Code  Gb  xquad.o [4]
__iar_copy_init3        0x000069d1   0x30  Code  Gb  copy_init3.o [5]
__iar_d2uiz             0x00004ed5         Code  Gb  DblToI32.o [4]
__iar_data_init3        0x00006a01   0x28  Code  Gb  data_init.o [5]
__iar_dlib_perthread_access
                        0x0000522b    0x2  Code  Gb  xtls.o [3]
__iar_edom              0x0000522d         Code  Gb  iarEdom.o [5]
__iar_fmod              0x00005165         Code  Gb  fmod.o [4]
__iar_fmodl             0x00005165         Code  Gb  fmod.o [4]
__iar_program_start     0x00006b1d         Code  Gb  cstartup_M.o [5]
__iar_ui2d              0x00004f15         Code  Gb  I32ToDbl.o [4]
__iar_ui2f              0x00002215         Code  Gb  I32ToFlt.o [4]
__iar_zero_init3        0x00001dd3   0x2a  Code  Gb  zero_init3.o [5]
__low_level_init        0x00006aaf    0x4  Code  Gb  low_level_init.o [3]
__vector_table          0x00000000         Data  Gb  startup_SKEAZ1284.o [1]
_call_main              0x00006aa1         Code  Gb  cmain.o [5]
_exit                   0x00006abd         Code  Gb  cexit.o [5]
_main                   0x00006aab         Code  Gb  cmain.o [5]
abs                     0x00002d91    0x8  Code  Gb  abs.o [3]
abs_f                   0x00003e53   0x12  Code  Gb  inductor_1.o [1]
abs_inductor            0x00003e45    0xe  Code  Gb  inductor_1.o [1]
ad_valu                 0x1ffff248   0x34  Data  Gb  SDSB_ZS.o [1]
akmj_w                  0x1ffff08c    0x4  Data  Gb  Direction_Control.o [1]
akmj_w_old              0x1ffff3b0    0x4  Data  Gb  oled_zs.o [1]
akmj_z                  0x1ffff324    0x4  Data  Gb  Direction_Control.o [1]
akmj_z_old              0x1ffff3ac    0x4  Data  Gb  oled_zs.o [1]
angle                   0x1ffff2ec    0x4  Data  Gb  Direction_Control.o [1]
angle_limit             0x1ffff048    0x8  Data  Gb  Direction_Control.o [1]
bus_clk_khz             0x1ffff2e4    0x4  Data  Gb  common.o [1]
carStatus               0x1ffff4a7    0x1  Data  Gb  main.o [1]
core_clk_khz            0x1ffff2e0    0x4  Data  Gb  common.o [1]
disable_wdog            0x0000695d   0x14  Code  Gb  system_SKEAZ1284.o [1]
exit                    0x00006ab3    0x8  Code  Gb  exit.o [3]
fmod                    0x00005165         Code  Gb  fmod.o [4]
fmodl                   0x00005165         Code  Gb  fmod.o [4]
ftm_clk_khz             0x1ffff2dc    0x4  Data  Gb  common.o [1]
g_mod                   0x1ffff498    0x2  Data  Gb  ftm.o [1]
get_clk                 0x00002c99   0x9e  Code  Gb  common.o [1]
gg                      0x1ffff350    0x4  Data  Gb  L3G4200D_ZS.o [1]
gyr_angle               0x1ffff344    0x4  Data  Gb  L3G4200D_ZS.o [1]
gyr_angle_speed         0x1ffff33c    0x4  Data  Gb  L3G4200D_ZS.o [1]
gyr_angle_speed_static  0x1ffff09c    0x4  Data  Gb  L3G4200D_ZS.o [1]
gyr_angle_speed_up      0x1ffff340    0x4  Data  Gb  L3G4200D_ZS.o [1]
gyr_angle_up            0x1ffff348    0x4  Data  Gb  L3G4200D_ZS.o [1]
gyr_offset__x_average   0x1ffff358    0x4  Data  Gb  L3G4200D_ZS.o [1]
gyr_offset__x_sum       0x1ffff354    0x4  Data  Gb  L3G4200D_ZS.o [1]
gyr_offset_x            0x1ffff0a0    0x4  Data  Gb  L3G4200D_ZS.o [1]
gyr_offset_z            0x1ffff0a4    0x4  Data  Gb  L3G4200D_ZS.o [1]
gyr_offset_z_sum        0x1ffff34c    0x4  Data  Gb  L3G4200D_ZS.o [1]
gyro_ID                 0x1ffff4a6    0x1  Data  Gb  L3G4200.o [1]
gyro_x                  0x1ffff49c    0x2  Data  Gb  L3G4200.o [1]
gyro_z                  0x1ffff49e    0x2  Data  Gb  L3G4200.o [1]
gz                      0x1ffff4a5    0x1  Data  Gb  L3G4200.o [1]
i2c_Wait                0x000057b5   0xc2  Code  Gb  KEA128_i2c.o [1]
i2c_delay               0x0000599d   0x1a  Code  Gb  KEA128_i2c.o [1]
i2c_init                0x00005877  0x126  Code  Gb  KEA128_i2c.o [1]
i2c_read_reg            0x000059b7  0x106  Code  Gb  KEA128_i2c.o [1]
i2c_write_reg           0x00005aed   0x86  Code  Gb  KEA128_i2c.o [1]
ics_clk_khz             0x1ffff2d8    0x4  Data  Gb  common.o [1]
iic_error               0x1ffff368    0x4  Data  Gb  main.o [1]
iic_error_counter       0x1ffff36c    0x4  Data  Gb  main.o [1]
jiemian                 0x1ffff37c    0x4  Data  Gb  oled_zs.o [1]
jiemian_flag            0x1ffff370    0x4  Data  Gb  main.o [1]
k                       0x1ffff2e8    0x4  Data  Gb  Direction_Control.o [1]
main                    0x00005b79   0x60  Code  Gb  main.o [1]
max_v                   0x1ffff000   0x14  Data  Gb  SDSB_ZS.o [1]
max_value               0x1ffff3ec    0x4  Data  Gb  SDSB_ZS.o [1]
menuNum                 0x00006a28   0x24  Data  Gb  oled.o [1]
menuSelect              0x1ffff0f0    0x1  Data  Gb  main.o [1]
min_v                   0x1ffff014   0x14  Data  Gb  SDSB_ZS.o [1]
position                0x1ffff0f1    0x1  Data  Gb  SDSB_ZS.o [1]
prot_pull               0x00002c3d   0x5c  Code  Gb  KEA128_port.o [1]
sensor_to_one           0x1ffff2a4   0x14  Data  Gb  SDSB_ZS.o [1]
sensor_to_one_Huan      0x1ffff3e4    0x4  Data  Gb  SDSB_ZS.o [1]
speed_L                 0x1ffff48c    0x4  Data  Gb  Speed_Control.o [1]
speed_R                 0x1ffff490    0x4  Data  Gb  Speed_Control.o [1]
speed_buzzer            0x1ffff464    0x4  Data  Gb  Speed_Control.o [1]
speed_car               0x1ffff494    0x4  Data  Gb  Speed_Control.o [1]
speed_measure_L         0x1ffff484    0x4  Data  Gb  Speed_Control.o [1]
speed_measure_R         0x1ffff488    0x4  Data  Gb  Speed_Control.o [1]
speed_set               0x1ffff078    0x4  Data  Gb  Direction_Control.o [1]
speed_set_L             0x1ffff468    0x4  Data  Gb  Speed_Control.o [1]
speed_set_R             0x1ffff46c    0x4  Data  Gb  Speed_Control.o [1]
speed_set_old           0x1ffff380    0x4  Data  Gb  oled_zs.o [1]
speed_set_temp          0x1ffff470    0x4  Data  Gb  Speed_Control.o [1]
speed_set_temp_L        0x1ffff474    0x4  Data  Gb  Speed_Control.o [1]
speed_set_temp_R        0x1ffff478    0x4  Data  Gb  Speed_Control.o [1]
spi_init                0x000028e1  0x138  Code  Gb  spi.o [1]
sure_time               0x1ffff35c    0x4  Data  Gb  L3G4200D_ZS.o [1]
tan                     0x00004951  0x2b8  Code  Gb  tan.o [4]
uart                    0x1ffff038    0xc  Data  Gb  KEA128_uart.o [1]
uart_mux                0x00005de5   0x68  Code  Gb  KEA128_uart.o [1]
wgz                     0x1ffff49a    0x2  Data  Gb  L3G4200.o [1]
z                       0x1ffff360    0x4  Data  Gb  main.o [1]
zs_car                  0x1ffff364    0x4  Data  Gb  main.o [1]


[1] = H:\智能车程序2018\三轮比赛\7.29-sc\iar\KEA_128_FLASH\Obj
[2] = command line
[3] = dl6M_tlf.a
[4] = m6M_tl.a
[5] = rt6M_tl.a
[6] = shb_l.a

  25 814 bytes of readonly  code memory
   1 212 bytes of readonly  data memory
   1 447 bytes of readwrite data memory

Errors: none
Warnings: none
